caxpy_ quad_caxpy_
cbbcsd_ quad_cbbcsd_
cbdsqr_ quad_cbdsqr_
ccopy_ quad_ccopy_
cdotc_ quad_cdotc_
cdotu_ quad_cdotu_
cgbbrd_ quad_cgbbrd_
cgbcon_ quad_cgbcon_
cgbequ_ quad_cgbequ_
cgbequb_ quad_cgbequb_
cgbmv_ quad_cgbmv_
cgbrfs_ quad_cgbrfs_
cgbsv_ quad_cgbsv_
cgbsvx_ quad_cgbsvx_
cgbtf2_ quad_cgbtf2_
cgbtrf_ quad_cgbtrf_
cgbtrs_ quad_cgbtrs_
cgebak_ quad_cgebak_
cgebal_ quad_cgebal_
cgebd2_ quad_cgebd2_
cgebrd_ quad_cgebrd_
cgecon_ quad_cgecon_
cgeequ_ quad_cgeequ_
cgeequb_ quad_cgeequb_
cgees_ quad_cgees_
cgeesx_ quad_cgeesx_
cgeev_ quad_cgeev_
cgeevx_ quad_cgeevx_
cgegs_ quad_cgegs_
cgegv_ quad_cgegv_
cgehd2_ quad_cgehd2_
cgehrd_ quad_cgehrd_
cgelq2_ quad_cgelq2_
cgelqf_ quad_cgelqf_
cgels_ quad_cgels_
cgelsd_ quad_cgelsd_
cgelss_ quad_cgelss_
cgelsx_ quad_cgelsx_
cgelsy_ quad_cgelsy_
cgemm_ quad_cgemm_
cgemqrt_ quad_cgemqrt_
cgemv_ quad_cgemv_
cgeql2_ quad_cgeql2_
cgeqlf_ quad_cgeqlf_
cgeqp3_ quad_cgeqp3_
cgeqpf_ quad_cgeqpf_
cgeqr2_ quad_cgeqr2_
cgeqr2p_ quad_cgeqr2p_
cgeqrf_ quad_cgeqrf_
cgeqrfp_ quad_cgeqrfp_
cgeqrt_ quad_cgeqrt_
cgeqrt2_ quad_cgeqrt2_
cgeqrt3_ quad_cgeqrt3_
cgerc_ quad_cgerc_
cgerfs_ quad_cgerfs_
cgerq2_ quad_cgerq2_
cgerqf_ quad_cgerqf_
cgeru_ quad_cgeru_
cgesc2_ quad_cgesc2_
cgesdd_ quad_cgesdd_
cgesv_ quad_cgesv_
cgesvd_ quad_cgesvd_
cgesvx_ quad_cgesvx_
cgetc2_ quad_cgetc2_
cgetf2_ quad_cgetf2_
cgetrf_ quad_cgetrf_
cgetri_ quad_cgetri_
cgetrs_ quad_cgetrs_
cggbak_ quad_cggbak_
cggbal_ quad_cggbal_
cgges_ quad_cgges_
cggesx_ quad_cggesx_
cggev_ quad_cggev_
cggevx_ quad_cggevx_
cggglm_ quad_cggglm_
cgghrd_ quad_cgghrd_
cgglse_ quad_cgglse_
cggqrf_ quad_cggqrf_
cggrqf_ quad_cggrqf_
cggsvd_ quad_cggsvd_
cggsvp_ quad_cggsvp_
cgtcon_ quad_cgtcon_
cgtrfs_ quad_cgtrfs_
cgtsv_ quad_cgtsv_
cgtsvx_ quad_cgtsvx_
cgttrf_ quad_cgttrf_
cgttrs_ quad_cgttrs_
cgtts2_ quad_cgtts2_
chbev_ quad_chbev_
chbevd_ quad_chbevd_
chbevx_ quad_chbevx_
chbgst_ quad_chbgst_
chbgv_ quad_chbgv_
chbgvd_ quad_chbgvd_
chbgvx_ quad_chbgvx_
chbmv_ quad_chbmv_
chbtrd_ quad_chbtrd_
checon_ quad_checon_
checon_rook_ quad_checon_rook_
cheequb_ quad_cheequb_
cheev_ quad_cheev_
cheevd_ quad_cheevd_
cheevr_ quad_cheevr_
cheevx_ quad_cheevx_
chegs2_ quad_chegs2_
chegst_ quad_chegst_
chegv_ quad_chegv_
chegvd_ quad_chegvd_
chegvx_ quad_chegvx_
chemm_ quad_chemm_
chemv_ quad_chemv_
cher_ quad_cher_
cher2_ quad_cher2_
cher2k_ quad_cher2k_
cherfs_ quad_cherfs_
cherk_ quad_cherk_
chesv_ quad_chesv_
chesv_rook_ quad_chesv_rook_
chesvx_ quad_chesvx_
cheswapr_ quad_cheswapr_
chetd2_ quad_chetd2_
chetf2_ quad_chetf2_
chetf2_rook_ quad_chetf2_rook_
chetrd_ quad_chetrd_
chetrf_ quad_chetrf_
chetrf_rook_ quad_chetrf_rook_
chetri_ quad_chetri_
chetri2_ quad_chetri2_
chetri2x_ quad_chetri2x_
chetri_rook_ quad_chetri_rook_
chetrs_ quad_chetrs_
chetrs2_ quad_chetrs2_
chetrs_rook_ quad_chetrs_rook_
chfrk_ quad_chfrk_
chgeqz_ quad_chgeqz_
chla_transtype_ quad_chla_transtype_
chpcon_ quad_chpcon_
chpev_ quad_chpev_
chpevd_ quad_chpevd_
chpevx_ quad_chpevx_
chpgst_ quad_chpgst_
chpgv_ quad_chpgv_
chpgvd_ quad_chpgvd_
chpgvx_ quad_chpgvx_
chpmv_ quad_chpmv_
chpr_ quad_chpr_
chpr2_ quad_chpr2_
chprfs_ quad_chprfs_
chpsv_ quad_chpsv_
chpsvx_ quad_chpsvx_
chptrd_ quad_chptrd_
chptrf_ quad_chptrf_
chptri_ quad_chptri_
chptrs_ quad_chptrs_
chsein_ quad_chsein_
chseqr_ quad_chseqr_
clabrd_ quad_clabrd_
clacgv_ quad_clacgv_
clacn2_ quad_clacn2_
clacon_ quad_clacon_
clacp2_ quad_clacp2_
clacpy_ quad_clacpy_
clacrm_ quad_clacrm_
clacrt_ quad_clacrt_
cladiv_ quad_cladiv_
claed0_ quad_claed0_
claed7_ quad_claed7_
claed8_ quad_claed8_
claein_ quad_claein_
claesy_ quad_claesy_
claev2_ quad_claev2_
clag2z_ quad_clag2z_
clags2_ quad_clags2_
clagtm_ quad_clagtm_
clahef_ quad_clahef_
clahef_rook_ quad_clahef_rook_
clahqr_ quad_clahqr_
clahr2_ quad_clahr2_
clahrd_ quad_clahrd_
claic1_ quad_claic1_
clals0_ quad_clals0_
clalsa_ quad_clalsa_
clalsd_ quad_clalsd_
clangb_ quad_clangb_
clange_ quad_clange_
clangt_ quad_clangt_
clanhb_ quad_clanhb_
clanhe_ quad_clanhe_
clanhf_ quad_clanhf_
clanhp_ quad_clanhp_
clanhs_ quad_clanhs_
clanht_ quad_clanht_
clansb_ quad_clansb_
clansp_ quad_clansp_
clansy_ quad_clansy_
clantb_ quad_clantb_
clantp_ quad_clantp_
clantr_ quad_clantr_
clapll_ quad_clapll_
clapmr_ quad_clapmr_
clapmt_ quad_clapmt_
claqgb_ quad_claqgb_
claqge_ quad_claqge_
claqhb_ quad_claqhb_
claqhe_ quad_claqhe_
claqhp_ quad_claqhp_
claqp2_ quad_claqp2_
claqps_ quad_claqps_
claqr0_ quad_claqr0_
claqr1_ quad_claqr1_
claqr2_ quad_claqr2_
claqr3_ quad_claqr3_
claqr4_ quad_claqr4_
claqr5_ quad_claqr5_
claqsb_ quad_claqsb_
claqsp_ quad_claqsp_
claqsy_ quad_claqsy_
clar1v_ quad_clar1v_
clar2v_ quad_clar2v_
clarcm_ quad_clarcm_
clarf_ quad_clarf_
clarfb_ quad_clarfb_
clarfg_ quad_clarfg_
clarfgp_ quad_clarfgp_
clarft_ quad_clarft_
clarfx_ quad_clarfx_
clargv_ quad_clargv_
clarnv_ quad_clarnv_
clarrv_ quad_clarrv_
clartg_ quad_clartg_
clartv_ quad_clartv_
clarz_ quad_clarz_
clarzb_ quad_clarzb_
clarzt_ quad_clarzt_
clascl_ quad_clascl_
claset_ quad_claset_
clasr_ quad_clasr_
classq_ quad_classq_
claswp_ quad_claswp_
clasyf_ quad_clasyf_
clasyf_rook_ quad_clasyf_rook_
clatbs_ quad_clatbs_
clatdf_ quad_clatdf_
clatps_ quad_clatps_
clatrd_ quad_clatrd_
clatrs_ quad_clatrs_
clatrz_ quad_clatrz_
clatzm_ quad_clatzm_
clauu2_ quad_clauu2_
clauum_ quad_clauum_
cpbcon_ quad_cpbcon_
cpbequ_ quad_cpbequ_
cpbrfs_ quad_cpbrfs_
cpbstf_ quad_cpbstf_
cpbsv_ quad_cpbsv_
cpbsvx_ quad_cpbsvx_
cpbtf2_ quad_cpbtf2_
cpbtrf_ quad_cpbtrf_
cpbtrs_ quad_cpbtrs_
cpftrf_ quad_cpftrf_
cpftri_ quad_cpftri_
cpftrs_ quad_cpftrs_
cpocon_ quad_cpocon_
cpoequ_ quad_cpoequ_
cpoequb_ quad_cpoequb_
cporfs_ quad_cporfs_
cposv_ quad_cposv_
cposvx_ quad_cposvx_
cpotf2_ quad_cpotf2_
cpotrf_ quad_cpotrf_
cpotri_ quad_cpotri_
cpotrs_ quad_cpotrs_
cppcon_ quad_cppcon_
cppequ_ quad_cppequ_
cpprfs_ quad_cpprfs_
cppsv_ quad_cppsv_
cppsvx_ quad_cppsvx_
cpptrf_ quad_cpptrf_
cpptri_ quad_cpptri_
cpptrs_ quad_cpptrs_
cpstf2_ quad_cpstf2_
cpstrf_ quad_cpstrf_
cptcon_ quad_cptcon_
cpteqr_ quad_cpteqr_
cptrfs_ quad_cptrfs_
cptsv_ quad_cptsv_
cptsvx_ quad_cptsvx_
cpttrf_ quad_cpttrf_
cpttrs_ quad_cpttrs_
cptts2_ quad_cptts2_
crot_ quad_crot_
crotg_ quad_crotg_
cscal_ quad_cscal_
cspcon_ quad_cspcon_
cspmv_ quad_cspmv_
cspr_ quad_cspr_
csprfs_ quad_csprfs_
cspsv_ quad_cspsv_
cspsvx_ quad_cspsvx_
csptrf_ quad_csptrf_
csptri_ quad_csptri_
csptrs_ quad_csptrs_
csrot_ quad_csrot_
csrscl_ quad_csrscl_
csscal_ quad_csscal_
cstedc_ quad_cstedc_
cstegr_ quad_cstegr_
cstein_ quad_cstein_
cstemr_ quad_cstemr_
csteqr_ quad_csteqr_
cswap_ quad_cswap_
csycon_ quad_csycon_
csycon_rook_ quad_csycon_rook_
csyconv_ quad_csyconv_
csyequb_ quad_csyequb_
csymm_ quad_csymm_
csymv_ quad_csymv_
csyr_ quad_csyr_
csyr2k_ quad_csyr2k_
csyrfs_ quad_csyrfs_
csyrk_ quad_csyrk_
csysv_ quad_csysv_
csysv_rook_ quad_csysv_rook_
csysvx_ quad_csysvx_
csyswapr_ quad_csyswapr_
csytf2_ quad_csytf2_
csytf2_rook_ quad_csytf2_rook_
csytrf_ quad_csytrf_
csytrf_rook_ quad_csytrf_rook_
csytri_ quad_csytri_
csytri2_ quad_csytri2_
csytri2x_ quad_csytri2x_
csytri_rook_ quad_csytri_rook_
csytrs_ quad_csytrs_
csytrs2_ quad_csytrs2_
csytrs_rook_ quad_csytrs_rook_
ctbcon_ quad_ctbcon_
ctbmv_ quad_ctbmv_
ctbrfs_ quad_ctbrfs_
ctbsv_ quad_ctbsv_
ctbtrs_ quad_ctbtrs_
ctfsm_ quad_ctfsm_
ctftri_ quad_ctftri_
ctfttp_ quad_ctfttp_
ctfttr_ quad_ctfttr_
ctgevc_ quad_ctgevc_
ctgex2_ quad_ctgex2_
ctgexc_ quad_ctgexc_
ctgsen_ quad_ctgsen_
ctgsja_ quad_ctgsja_
ctgsna_ quad_ctgsna_
ctgsy2_ quad_ctgsy2_
ctgsyl_ quad_ctgsyl_
ctpcon_ quad_ctpcon_
ctpmqrt_ quad_ctpmqrt_
ctpmv_ quad_ctpmv_
ctpqrt_ quad_ctpqrt_
ctpqrt2_ quad_ctpqrt2_
ctprfb_ quad_ctprfb_
ctprfs_ quad_ctprfs_
ctpsv_ quad_ctpsv_
ctptri_ quad_ctptri_
ctptrs_ quad_ctptrs_
ctpttf_ quad_ctpttf_
ctpttr_ quad_ctpttr_
ctrcon_ quad_ctrcon_
ctrevc_ quad_ctrevc_
ctrexc_ quad_ctrexc_
ctrmm_ quad_ctrmm_
ctrmv_ quad_ctrmv_
ctrrfs_ quad_ctrrfs_
ctrsen_ quad_ctrsen_
ctrsm_ quad_ctrsm_
ctrsna_ quad_ctrsna_
ctrsv_ quad_ctrsv_
ctrsyl_ quad_ctrsyl_
ctrti2_ quad_ctrti2_
ctrtri_ quad_ctrtri_
ctrtrs_ quad_ctrtrs_
ctrttf_ quad_ctrttf_
ctrttp_ quad_ctrttp_
ctzrqf_ quad_ctzrqf_
ctzrzf_ quad_ctzrzf_
cunbdb_ quad_cunbdb_
cunbdb1_ quad_cunbdb1_
cunbdb2_ quad_cunbdb2_
cunbdb3_ quad_cunbdb3_
cunbdb4_ quad_cunbdb4_
cunbdb5_ quad_cunbdb5_
cunbdb6_ quad_cunbdb6_
cuncsd_ quad_cuncsd_
cuncsd2by1_ quad_cuncsd2by1_
cung2l_ quad_cung2l_
cung2r_ quad_cung2r_
cungbr_ quad_cungbr_
cunghr_ quad_cunghr_
cungl2_ quad_cungl2_
cunglq_ quad_cunglq_
cungql_ quad_cungql_
cungqr_ quad_cungqr_
cungr2_ quad_cungr2_
cungrq_ quad_cungrq_
cungtr_ quad_cungtr_
cunm2l_ quad_cunm2l_
cunm2r_ quad_cunm2r_
cunmbr_ quad_cunmbr_
cunmhr_ quad_cunmhr_
cunml2_ quad_cunml2_
cunmlq_ quad_cunmlq_
cunmql_ quad_cunmql_
cunmqr_ quad_cunmqr_
cunmr2_ quad_cunmr2_
cunmr3_ quad_cunmr3_
cunmrq_ quad_cunmrq_
cunmrz_ quad_cunmrz_
cunmtr_ quad_cunmtr_
cupgtr_ quad_cupgtr_
cupmtr_ quad_cupmtr_
dasum_ quad_dasum_
daxpy_ quad_daxpy_
dbbcsd_ quad_dbbcsd_
dbdsdc_ quad_dbdsdc_
dbdsqr_ quad_dbdsqr_
dcabs1_ quad_dcabs1_
dcopy_ quad_dcopy_
ddisna_ quad_ddisna_
ddot_ quad_ddot_
dgbbrd_ quad_dgbbrd_
dgbcon_ quad_dgbcon_
dgbequ_ quad_dgbequ_
dgbequb_ quad_dgbequb_
dgbmv_ quad_dgbmv_
dgbrfs_ quad_dgbrfs_
dgbsv_ quad_dgbsv_
dgbsvx_ quad_dgbsvx_
dgbtf2_ quad_dgbtf2_
dgbtrf_ quad_dgbtrf_
dgbtrs_ quad_dgbtrs_
dgebak_ quad_dgebak_
dgebal_ quad_dgebal_
dgebd2_ quad_dgebd2_
dgebrd_ quad_dgebrd_
dgecon_ quad_dgecon_
dgeequ_ quad_dgeequ_
dgeequb_ quad_dgeequb_
dgees_ quad_dgees_
dgeesx_ quad_dgeesx_
dgeev_ quad_dgeev_
dgeevx_ quad_dgeevx_
dgegs_ quad_dgegs_
dgegv_ quad_dgegv_
dgehd2_ quad_dgehd2_
dgehrd_ quad_dgehrd_
dgejsv_ quad_dgejsv_
dgelq2_ quad_dgelq2_
dgelqf_ quad_dgelqf_
dgels_ quad_dgels_
dgelsd_ quad_dgelsd_
dgelss_ quad_dgelss_
dgelsx_ quad_dgelsx_
dgelsy_ quad_dgelsy_
dgemm_ quad_dgemm_
dgemqrt_ quad_dgemqrt_
dgemv_ quad_dgemv_
dgeql2_ quad_dgeql2_
dgeqlf_ quad_dgeqlf_
dgeqp3_ quad_dgeqp3_
dgeqpf_ quad_dgeqpf_
dgeqr2_ quad_dgeqr2_
dgeqr2p_ quad_dgeqr2p_
dgeqrf_ quad_dgeqrf_
dgeqrfp_ quad_dgeqrfp_
dgeqrt_ quad_dgeqrt_
dgeqrt2_ quad_dgeqrt2_
dgeqrt3_ quad_dgeqrt3_
dger_ quad_dger_
dgerfs_ quad_dgerfs_
dgerq2_ quad_dgerq2_
dgerqf_ quad_dgerqf_
dgesc2_ quad_dgesc2_
dgesdd_ quad_dgesdd_
dgesv_ quad_dgesv_
dgesvd_ quad_dgesvd_
dgesvj_ quad_dgesvj_
dgesvx_ quad_dgesvx_
dgetc2_ quad_dgetc2_
dgetf2_ quad_dgetf2_
dgetrf_ quad_dgetrf_
dgetri_ quad_dgetri_
dgetrs_ quad_dgetrs_
dggbak_ quad_dggbak_
dggbal_ quad_dggbal_
dgges_ quad_dgges_
dggesx_ quad_dggesx_
dggev_ quad_dggev_
dggevx_ quad_dggevx_
dggglm_ quad_dggglm_
dgghrd_ quad_dgghrd_
dgglse_ quad_dgglse_
dggqrf_ quad_dggqrf_
dggrqf_ quad_dggrqf_
dggsvd_ quad_dggsvd_
dggsvp_ quad_dggsvp_
dgsvj0_ quad_dgsvj0_
dgsvj1_ quad_dgsvj1_
dgtcon_ quad_dgtcon_
dgtrfs_ quad_dgtrfs_
dgtsv_ quad_dgtsv_
dgtsvx_ quad_dgtsvx_
dgttrf_ quad_dgttrf_
dgttrs_ quad_dgttrs_
dgtts2_ quad_dgtts2_
dhgeqz_ quad_dhgeqz_
dhsein_ quad_dhsein_
dhseqr_ quad_dhseqr_
disnan_ quad_disnan_
dlabad_ quad_dlabad_
dlabrd_ quad_dlabrd_
dlacn2_ quad_dlacn2_
dlacon_ quad_dlacon_
dlacpy_ quad_dlacpy_
dladiv_ quad_dladiv_
dladiv1_ quad_dladiv1_
dladiv2_ quad_dladiv2_
dlae2_ quad_dlae2_
dlaebz_ quad_dlaebz_
dlaed0_ quad_dlaed0_
dlaed1_ quad_dlaed1_
dlaed2_ quad_dlaed2_
dlaed3_ quad_dlaed3_
dlaed4_ quad_dlaed4_
dlaed5_ quad_dlaed5_
dlaed6_ quad_dlaed6_
dlaed7_ quad_dlaed7_
dlaed8_ quad_dlaed8_
dlaed9_ quad_dlaed9_
dlaeda_ quad_dlaeda_
dlaein_ quad_dlaein_
dlaev2_ quad_dlaev2_
dlaexc_ quad_dlaexc_
dlag2_ quad_dlag2_
dlag2s_ quad_dlag2s_
dlags2_ quad_dlags2_
dlagtf_ quad_dlagtf_
dlagtm_ quad_dlagtm_
dlagts_ quad_dlagts_
dlagv2_ quad_dlagv2_
dlahqr_ quad_dlahqr_
dlahr2_ quad_dlahr2_
dlahrd_ quad_dlahrd_
dlaic1_ quad_dlaic1_
dlaisnan_ quad_dlaisnan_
dlaln2_ quad_dlaln2_
dlals0_ quad_dlals0_
dlalsa_ quad_dlalsa_
dlalsd_ quad_dlalsd_
dlamc3_ quad_dlamc3_
dlamch_ quad_dlamch_
dlamrg_ quad_dlamrg_
dlaneg_ quad_dlaneg_
dlangb_ quad_dlangb_
dlange_ quad_dlange_
dlangt_ quad_dlangt_
dlanhs_ quad_dlanhs_
dlansb_ quad_dlansb_
dlansf_ quad_dlansf_
dlansp_ quad_dlansp_
dlanst_ quad_dlanst_
dlansy_ quad_dlansy_
dlantb_ quad_dlantb_
dlantp_ quad_dlantp_
dlantr_ quad_dlantr_
dlanv2_ quad_dlanv2_
dlapll_ quad_dlapll_
dlapmr_ quad_dlapmr_
dlapmt_ quad_dlapmt_
dlapy2_ quad_dlapy2_
dlapy3_ quad_dlapy3_
dlaqgb_ quad_dlaqgb_
dlaqge_ quad_dlaqge_
dlaqp2_ quad_dlaqp2_
dlaqps_ quad_dlaqps_
dlaqr0_ quad_dlaqr0_
dlaqr1_ quad_dlaqr1_
dlaqr2_ quad_dlaqr2_
dlaqr3_ quad_dlaqr3_
dlaqr4_ quad_dlaqr4_
dlaqr5_ quad_dlaqr5_
dlaqsb_ quad_dlaqsb_
dlaqsp_ quad_dlaqsp_
dlaqsy_ quad_dlaqsy_
dlaqtr_ quad_dlaqtr_
dlar1v_ quad_dlar1v_
dlar2v_ quad_dlar2v_
dlarf_ quad_dlarf_
dlarfb_ quad_dlarfb_
dlarfg_ quad_dlarfg_
dlarfgp_ quad_dlarfgp_
dlarft_ quad_dlarft_
dlarfx_ quad_dlarfx_
dlargv_ quad_dlargv_
dlarnv_ quad_dlarnv_
dlarra_ quad_dlarra_
dlarrb_ quad_dlarrb_
dlarrc_ quad_dlarrc_
dlarrd_ quad_dlarrd_
dlarre_ quad_dlarre_
dlarrf_ quad_dlarrf_
dlarrj_ quad_dlarrj_
dlarrk_ quad_dlarrk_
dlarrr_ quad_dlarrr_
dlarrv_ quad_dlarrv_
dlartg_ quad_dlartg_
dlartgp_ quad_dlartgp_
dlartgs_ quad_dlartgs_
dlartv_ quad_dlartv_
dlaruv_ quad_dlaruv_
dlarz_ quad_dlarz_
dlarzb_ quad_dlarzb_
dlarzt_ quad_dlarzt_
dlas2_ quad_dlas2_
dlascl_ quad_dlascl_
dlasd0_ quad_dlasd0_
dlasd1_ quad_dlasd1_
dlasd2_ quad_dlasd2_
dlasd3_ quad_dlasd3_
dlasd4_ quad_dlasd4_
dlasd5_ quad_dlasd5_
dlasd6_ quad_dlasd6_
dlasd7_ quad_dlasd7_
dlasd8_ quad_dlasd8_
dlasda_ quad_dlasda_
dlasdq_ quad_dlasdq_
dlasdt_ quad_dlasdt_
dlaset_ quad_dlaset_
dlasq1_ quad_dlasq1_
dlasq2_ quad_dlasq2_
dlasq3_ quad_dlasq3_
dlasq4_ quad_dlasq4_
dlasq5_ quad_dlasq5_
dlasq6_ quad_dlasq6_
dlasr_ quad_dlasr_
dlasrt_ quad_dlasrt_
dlassq_ quad_dlassq_
dlasv2_ quad_dlasv2_
dlaswp_ quad_dlaswp_
dlasy2_ quad_dlasy2_
dlasyf_ quad_dlasyf_
dlasyf_rook_ quad_dlasyf_rook_
dlat2s_ quad_dlat2s_
dlatbs_ quad_dlatbs_
dlatdf_ quad_dlatdf_
dlatps_ quad_dlatps_
dlatrd_ quad_dlatrd_
dlatrs_ quad_dlatrs_
dlatrz_ quad_dlatrz_
dlatzm_ quad_dlatzm_
dlauu2_ quad_dlauu2_
dlauum_ quad_dlauum_
dnrm2_ quad_dnrm2_
dopgtr_ quad_dopgtr_
dopmtr_ quad_dopmtr_
dorbdb_ quad_dorbdb_
dorbdb1_ quad_dorbdb1_
dorbdb2_ quad_dorbdb2_
dorbdb3_ quad_dorbdb3_
dorbdb4_ quad_dorbdb4_
dorbdb5_ quad_dorbdb5_
dorbdb6_ quad_dorbdb6_
dorcsd_ quad_dorcsd_
dorcsd2by1_ quad_dorcsd2by1_
dorg2l_ quad_dorg2l_
dorg2r_ quad_dorg2r_
dorgbr_ quad_dorgbr_
dorghr_ quad_dorghr_
dorgl2_ quad_dorgl2_
dorglq_ quad_dorglq_
dorgql_ quad_dorgql_
dorgqr_ quad_dorgqr_
dorgr2_ quad_dorgr2_
dorgrq_ quad_dorgrq_
dorgtr_ quad_dorgtr_
dorm2l_ quad_dorm2l_
dorm2r_ quad_dorm2r_
dormbr_ quad_dormbr_
dormhr_ quad_dormhr_
dorml2_ quad_dorml2_
dormlq_ quad_dormlq_
dormql_ quad_dormql_
dormqr_ quad_dormqr_
dormr2_ quad_dormr2_
dormr3_ quad_dormr3_
dormrq_ quad_dormrq_
dormrz_ quad_dormrz_
dormtr_ quad_dormtr_
dpbcon_ quad_dpbcon_
dpbequ_ quad_dpbequ_
dpbrfs_ quad_dpbrfs_
dpbstf_ quad_dpbstf_
dpbsv_ quad_dpbsv_
dpbsvx_ quad_dpbsvx_
dpbtf2_ quad_dpbtf2_
dpbtrf_ quad_dpbtrf_
dpbtrs_ quad_dpbtrs_
dpftrf_ quad_dpftrf_
dpftri_ quad_dpftri_
dpftrs_ quad_dpftrs_
dpocon_ quad_dpocon_
dpoequ_ quad_dpoequ_
dpoequb_ quad_dpoequb_
dporfs_ quad_dporfs_
dposv_ quad_dposv_
dposvx_ quad_dposvx_
dpotf2_ quad_dpotf2_
dpotrf_ quad_dpotrf_
dpotri_ quad_dpotri_
dpotrs_ quad_dpotrs_
dppcon_ quad_dppcon_
dppequ_ quad_dppequ_
dpprfs_ quad_dpprfs_
dppsv_ quad_dppsv_
dppsvx_ quad_dppsvx_
dpptrf_ quad_dpptrf_
dpptri_ quad_dpptri_
dpptrs_ quad_dpptrs_
dpstf2_ quad_dpstf2_
dpstrf_ quad_dpstrf_
dptcon_ quad_dptcon_
dpteqr_ quad_dpteqr_
dptrfs_ quad_dptrfs_
dptsv_ quad_dptsv_
dptsvx_ quad_dptsvx_
dpttrf_ quad_dpttrf_
dpttrs_ quad_dpttrs_
dptts2_ quad_dptts2_
drot_ quad_drot_
drotg_ quad_drotg_
drotm_ quad_drotm_
drotmg_ quad_drotmg_
drscl_ quad_drscl_
dsbev_ quad_dsbev_
dsbevd_ quad_dsbevd_
dsbevx_ quad_dsbevx_
dsbgst_ quad_dsbgst_
dsbgv_ quad_dsbgv_
dsbgvd_ quad_dsbgvd_
dsbgvx_ quad_dsbgvx_
dsbmv_ quad_dsbmv_
dsbtrd_ quad_dsbtrd_
dscal_ quad_dscal_
dsdot_ quad_dsdot_
dsecnd_ quad_dsecnd_
dsfrk_ quad_dsfrk_
dsgesv_ quad_dsgesv_
dspcon_ quad_dspcon_
dspev_ quad_dspev_
dspevd_ quad_dspevd_
dspevx_ quad_dspevx_
dspgst_ quad_dspgst_
dspgv_ quad_dspgv_
dspgvd_ quad_dspgvd_
dspgvx_ quad_dspgvx_
dspmv_ quad_dspmv_
dsposv_ quad_dsposv_
dspr_ quad_dspr_
dspr2_ quad_dspr2_
dsprfs_ quad_dsprfs_
dspsv_ quad_dspsv_
dspsvx_ quad_dspsvx_
dsptrd_ quad_dsptrd_
dsptrf_ quad_dsptrf_
dsptri_ quad_dsptri_
dsptrs_ quad_dsptrs_
dstebz_ quad_dstebz_
dstedc_ quad_dstedc_
dstegr_ quad_dstegr_
dstein_ quad_dstein_
dstemr_ quad_dstemr_
dsteqr_ quad_dsteqr_
dsterf_ quad_dsterf_
dstev_ quad_dstev_
dstevd_ quad_dstevd_
dstevr_ quad_dstevr_
dstevx_ quad_dstevx_
dswap_ quad_dswap_
dsycon_ quad_dsycon_
dsycon_rook_ quad_dsycon_rook_
dsyconv_ quad_dsyconv_
dsyequb_ quad_dsyequb_
dsyev_ quad_dsyev_
dsyevd_ quad_dsyevd_
dsyevr_ quad_dsyevr_
dsyevx_ quad_dsyevx_
dsygs2_ quad_dsygs2_
dsygst_ quad_dsygst_
dsygv_ quad_dsygv_
dsygvd_ quad_dsygvd_
dsygvx_ quad_dsygvx_
dsymm_ quad_dsymm_
dsymv_ quad_dsymv_
dsyr_ quad_dsyr_
dsyr2_ quad_dsyr2_
dsyr2k_ quad_dsyr2k_
dsyrfs_ quad_dsyrfs_
dsyrk_ quad_dsyrk_
dsysv_ quad_dsysv_
dsysv_rook_ quad_dsysv_rook_
dsysvx_ quad_dsysvx_
dsyswapr_ quad_dsyswapr_
dsytd2_ quad_dsytd2_
dsytf2_ quad_dsytf2_
dsytf2_rook_ quad_dsytf2_rook_
dsytrd_ quad_dsytrd_
dsytrf_ quad_dsytrf_
dsytrf_rook_ quad_dsytrf_rook_
dsytri_ quad_dsytri_
dsytri2_ quad_dsytri2_
dsytri2x_ quad_dsytri2x_
dsytri_rook_ quad_dsytri_rook_
dsytrs_ quad_dsytrs_
dsytrs2_ quad_dsytrs2_
dsytrs_rook_ quad_dsytrs_rook_
dtbcon_ quad_dtbcon_
dtbmv_ quad_dtbmv_
dtbrfs_ quad_dtbrfs_
dtbsv_ quad_dtbsv_
dtbtrs_ quad_dtbtrs_
dtfsm_ quad_dtfsm_
dtftri_ quad_dtftri_
dtfttp_ quad_dtfttp_
dtfttr_ quad_dtfttr_
dtgevc_ quad_dtgevc_
dtgex2_ quad_dtgex2_
dtgexc_ quad_dtgexc_
dtgsen_ quad_dtgsen_
dtgsja_ quad_dtgsja_
dtgsna_ quad_dtgsna_
dtgsy2_ quad_dtgsy2_
dtgsyl_ quad_dtgsyl_
dtpcon_ quad_dtpcon_
dtpmqrt_ quad_dtpmqrt_
dtpmv_ quad_dtpmv_
dtpqrt_ quad_dtpqrt_
dtpqrt2_ quad_dtpqrt2_
dtprfb_ quad_dtprfb_
dtprfs_ quad_dtprfs_
dtpsv_ quad_dtpsv_
dtptri_ quad_dtptri_
dtptrs_ quad_dtptrs_
dtpttf_ quad_dtpttf_
dtpttr_ quad_dtpttr_
dtrcon_ quad_dtrcon_
dtrevc_ quad_dtrevc_
dtrexc_ quad_dtrexc_
dtrmm_ quad_dtrmm_
dtrmv_ quad_dtrmv_
dtrrfs_ quad_dtrrfs_
dtrsen_ quad_dtrsen_
dtrsm_ quad_dtrsm_
dtrsna_ quad_dtrsna_
dtrsv_ quad_dtrsv_
dtrsyl_ quad_dtrsyl_
dtrti2_ quad_dtrti2_
dtrtri_ quad_dtrtri_
dtrtrs_ quad_dtrtrs_
dtrttf_ quad_dtrttf_
dtrttp_ quad_dtrttp_
dtzrqf_ quad_dtzrqf_
dtzrzf_ quad_dtzrzf_
dzasum_ quad_dzasum_
dznrm2_ quad_dznrm2_
dzsum1_ quad_dzsum1_
icamax_ quad_icamax_
icmax1_ quad_icmax1_
idamax_ quad_idamax_
ieeeck_ quad_ieeeck_
ilaclc_ quad_ilaclc_
ilaclr_ quad_ilaclr_
iladiag_ quad_iladiag_
iladlc_ quad_iladlc_
iladlr_ quad_iladlr_
ilaenv_ quad_ilaenv_
ilaprec_ quad_ilaprec_
ilaslc_ quad_ilaslc_
ilaslr_ quad_ilaslr_
ilatrans_ quad_ilatrans_
ilauplo_ quad_ilauplo_
ilaver_ quad_ilaver_
ilazlc_ quad_ilazlc_
ilazlr_ quad_ilazlr_
iparmq_ quad_iparmq_
isamax_ quad_isamax_
izamax_ quad_izamax_
izmax1_ quad_izmax1_
lsame_ quad_lsame_
lsamen_ quad_lsamen_
sasum_ quad_sasum_
saxpy_ quad_saxpy_
sbbcsd_ quad_sbbcsd_
sbdsdc_ quad_sbdsdc_
sbdsqr_ quad_sbdsqr_
scabs1_ quad_scabs1_
scasum_ quad_scasum_
scnrm2_ quad_scnrm2_
scopy_ quad_scopy_
scsum1_ quad_scsum1_
sdisna_ quad_sdisna_
sdot_ quad_sdot_
sdsdot_ quad_sdsdot_
second_ quad_second_
sgbbrd_ quad_sgbbrd_
sgbcon_ quad_sgbcon_
sgbequ_ quad_sgbequ_
sgbequb_ quad_sgbequb_
sgbmv_ quad_sgbmv_
sgbrfs_ quad_sgbrfs_
sgbsv_ quad_sgbsv_
sgbsvx_ quad_sgbsvx_
sgbtf2_ quad_sgbtf2_
sgbtrf_ quad_sgbtrf_
sgbtrs_ quad_sgbtrs_
sgebak_ quad_sgebak_
sgebal_ quad_sgebal_
sgebd2_ quad_sgebd2_
sgebrd_ quad_sgebrd_
sgecon_ quad_sgecon_
sgeequ_ quad_sgeequ_
sgeequb_ quad_sgeequb_
sgees_ quad_sgees_
sgeesx_ quad_sgeesx_
sgeev_ quad_sgeev_
sgeevx_ quad_sgeevx_
sgegs_ quad_sgegs_
sgegv_ quad_sgegv_
sgehd2_ quad_sgehd2_
sgehrd_ quad_sgehrd_
sgejsv_ quad_sgejsv_
sgelq2_ quad_sgelq2_
sgelqf_ quad_sgelqf_
sgels_ quad_sgels_
sgelsd_ quad_sgelsd_
sgelss_ quad_sgelss_
sgelsx_ quad_sgelsx_
sgelsy_ quad_sgelsy_
sgemm_ quad_sgemm_
sgemqrt_ quad_sgemqrt_
sgemv_ quad_sgemv_
sgeql2_ quad_sgeql2_
sgeqlf_ quad_sgeqlf_
sgeqp3_ quad_sgeqp3_
sgeqpf_ quad_sgeqpf_
sgeqr2_ quad_sgeqr2_
sgeqr2p_ quad_sgeqr2p_
sgeqrf_ quad_sgeqrf_
sgeqrfp_ quad_sgeqrfp_
sgeqrt_ quad_sgeqrt_
sgeqrt2_ quad_sgeqrt2_
sgeqrt3_ quad_sgeqrt3_
sger_ quad_sger_
sgerfs_ quad_sgerfs_
sgerq2_ quad_sgerq2_
sgerqf_ quad_sgerqf_
sgesc2_ quad_sgesc2_
sgesdd_ quad_sgesdd_
sgesv_ quad_sgesv_
sgesvd_ quad_sgesvd_
sgesvj_ quad_sgesvj_
sgesvx_ quad_sgesvx_
sgetc2_ quad_sgetc2_
sgetf2_ quad_sgetf2_
sgetrf_ quad_sgetrf_
sgetri_ quad_sgetri_
sgetrs_ quad_sgetrs_
sggbak_ quad_sggbak_
sggbal_ quad_sggbal_
sgges_ quad_sgges_
sggesx_ quad_sggesx_
sggev_ quad_sggev_
sggevx_ quad_sggevx_
sggglm_ quad_sggglm_
sgghrd_ quad_sgghrd_
sgglse_ quad_sgglse_
sggqrf_ quad_sggqrf_
sggrqf_ quad_sggrqf_
sggsvd_ quad_sggsvd_
sggsvp_ quad_sggsvp_
sgsvj0_ quad_sgsvj0_
sgsvj1_ quad_sgsvj1_
sgtcon_ quad_sgtcon_
sgtrfs_ quad_sgtrfs_
sgtsv_ quad_sgtsv_
sgtsvx_ quad_sgtsvx_
sgttrf_ quad_sgttrf_
sgttrs_ quad_sgttrs_
sgtts2_ quad_sgtts2_
shgeqz_ quad_shgeqz_
shsein_ quad_shsein_
shseqr_ quad_shseqr_
sisnan_ quad_sisnan_
slabad_ quad_slabad_
slabrd_ quad_slabrd_
slacn2_ quad_slacn2_
slacon_ quad_slacon_
slacpy_ quad_slacpy_
sladiv_ quad_sladiv_
sladiv1_ quad_sladiv1_
sladiv2_ quad_sladiv2_
slae2_ quad_slae2_
slaebz_ quad_slaebz_
slaed0_ quad_slaed0_
slaed1_ quad_slaed1_
slaed2_ quad_slaed2_
slaed3_ quad_slaed3_
slaed4_ quad_slaed4_
slaed5_ quad_slaed5_
slaed6_ quad_slaed6_
slaed7_ quad_slaed7_
slaed8_ quad_slaed8_
slaed9_ quad_slaed9_
slaeda_ quad_slaeda_
slaein_ quad_slaein_
slaev2_ quad_slaev2_
slaexc_ quad_slaexc_
slag2_ quad_slag2_
slag2d_ quad_slag2d_
slags2_ quad_slags2_
slagtf_ quad_slagtf_
slagtm_ quad_slagtm_
slagts_ quad_slagts_
slagv2_ quad_slagv2_
slahqr_ quad_slahqr_
slahr2_ quad_slahr2_
slahrd_ quad_slahrd_
slaic1_ quad_slaic1_
slaisnan_ quad_slaisnan_
slaln2_ quad_slaln2_
slals0_ quad_slals0_
slalsa_ quad_slalsa_
slalsd_ quad_slalsd_
slamc3_ quad_slamc3_
slamch_ quad_slamch_
slamrg_ quad_slamrg_
slaneg_ quad_slaneg_
slangb_ quad_slangb_
slange_ quad_slange_
slangt_ quad_slangt_
slanhs_ quad_slanhs_
slansb_ quad_slansb_
slansf_ quad_slansf_
slansp_ quad_slansp_
slanst_ quad_slanst_
slansy_ quad_slansy_
slantb_ quad_slantb_
slantp_ quad_slantp_
slantr_ quad_slantr_
slanv2_ quad_slanv2_
slapll_ quad_slapll_
slapmr_ quad_slapmr_
slapmt_ quad_slapmt_
slapy2_ quad_slapy2_
slapy3_ quad_slapy3_
slaqgb_ quad_slaqgb_
slaqge_ quad_slaqge_
slaqp2_ quad_slaqp2_
slaqps_ quad_slaqps_
slaqr0_ quad_slaqr0_
slaqr1_ quad_slaqr1_
slaqr2_ quad_slaqr2_
slaqr3_ quad_slaqr3_
slaqr4_ quad_slaqr4_
slaqr5_ quad_slaqr5_
slaqsb_ quad_slaqsb_
slaqsp_ quad_slaqsp_
slaqsy_ quad_slaqsy_
slaqtr_ quad_slaqtr_
slar1v_ quad_slar1v_
slar2v_ quad_slar2v_
slarf_ quad_slarf_
slarfb_ quad_slarfb_
slarfg_ quad_slarfg_
slarfgp_ quad_slarfgp_
slarft_ quad_slarft_
slarfx_ quad_slarfx_
slargv_ quad_slargv_
slarnv_ quad_slarnv_
slarra_ quad_slarra_
slarrb_ quad_slarrb_
slarrc_ quad_slarrc_
slarrd_ quad_slarrd_
slarre_ quad_slarre_
slarrf_ quad_slarrf_
slarrj_ quad_slarrj_
slarrk_ quad_slarrk_
slarrr_ quad_slarrr_
slarrv_ quad_slarrv_
slartg_ quad_slartg_
slartgp_ quad_slartgp_
slartgs_ quad_slartgs_
slartv_ quad_slartv_
slaruv_ quad_slaruv_
slarz_ quad_slarz_
slarzb_ quad_slarzb_
slarzt_ quad_slarzt_
slas2_ quad_slas2_
slascl_ quad_slascl_
slasd0_ quad_slasd0_
slasd1_ quad_slasd1_
slasd2_ quad_slasd2_
slasd3_ quad_slasd3_
slasd4_ quad_slasd4_
slasd5_ quad_slasd5_
slasd6_ quad_slasd6_
slasd7_ quad_slasd7_
slasd8_ quad_slasd8_
slasda_ quad_slasda_
slasdq_ quad_slasdq_
slasdt_ quad_slasdt_
slaset_ quad_slaset_
slasq1_ quad_slasq1_
slasq2_ quad_slasq2_
slasq3_ quad_slasq3_
slasq4_ quad_slasq4_
slasq5_ quad_slasq5_
slasq6_ quad_slasq6_
slasr_ quad_slasr_
slasrt_ quad_slasrt_
slassq_ quad_slassq_
slasv2_ quad_slasv2_
slaswp_ quad_slaswp_
slasy2_ quad_slasy2_
slasyf_ quad_slasyf_
slasyf_rook_ quad_slasyf_rook_
slatbs_ quad_slatbs_
slatdf_ quad_slatdf_
slatps_ quad_slatps_
slatrd_ quad_slatrd_
slatrs_ quad_slatrs_
slatrz_ quad_slatrz_
slatzm_ quad_slatzm_
slauu2_ quad_slauu2_
slauum_ quad_slauum_
snrm2_ quad_snrm2_
sopgtr_ quad_sopgtr_
sopmtr_ quad_sopmtr_
sorbdb_ quad_sorbdb_
sorbdb1_ quad_sorbdb1_
sorbdb2_ quad_sorbdb2_
sorbdb3_ quad_sorbdb3_
sorbdb4_ quad_sorbdb4_
sorbdb5_ quad_sorbdb5_
sorbdb6_ quad_sorbdb6_
sorcsd_ quad_sorcsd_
sorcsd2by1_ quad_sorcsd2by1_
sorg2l_ quad_sorg2l_
sorg2r_ quad_sorg2r_
sorgbr_ quad_sorgbr_
sorghr_ quad_sorghr_
sorgl2_ quad_sorgl2_
sorglq_ quad_sorglq_
sorgql_ quad_sorgql_
sorgqr_ quad_sorgqr_
sorgr2_ quad_sorgr2_
sorgrq_ quad_sorgrq_
sorgtr_ quad_sorgtr_
sorm2l_ quad_sorm2l_
sorm2r_ quad_sorm2r_
sormbr_ quad_sormbr_
sormhr_ quad_sormhr_
sorml2_ quad_sorml2_
sormlq_ quad_sormlq_
sormql_ quad_sormql_
sormqr_ quad_sormqr_
sormr2_ quad_sormr2_
sormr3_ quad_sormr3_
sormrq_ quad_sormrq_
sormrz_ quad_sormrz_
sormtr_ quad_sormtr_
spbcon_ quad_spbcon_
spbequ_ quad_spbequ_
spbrfs_ quad_spbrfs_
spbstf_ quad_spbstf_
spbsv_ quad_spbsv_
spbsvx_ quad_spbsvx_
spbtf2_ quad_spbtf2_
spbtrf_ quad_spbtrf_
spbtrs_ quad_spbtrs_
spftrf_ quad_spftrf_
spftri_ quad_spftri_
spftrs_ quad_spftrs_
spocon_ quad_spocon_
spoequ_ quad_spoequ_
spoequb_ quad_spoequb_
sporfs_ quad_sporfs_
sposv_ quad_sposv_
sposvx_ quad_sposvx_
spotf2_ quad_spotf2_
spotrf_ quad_spotrf_
spotri_ quad_spotri_
spotrs_ quad_spotrs_
sppcon_ quad_sppcon_
sppequ_ quad_sppequ_
spprfs_ quad_spprfs_
sppsv_ quad_sppsv_
sppsvx_ quad_sppsvx_
spptrf_ quad_spptrf_
spptri_ quad_spptri_
spptrs_ quad_spptrs_
spstf2_ quad_spstf2_
spstrf_ quad_spstrf_
sptcon_ quad_sptcon_
spteqr_ quad_spteqr_
sptrfs_ quad_sptrfs_
sptsv_ quad_sptsv_
sptsvx_ quad_sptsvx_
spttrf_ quad_spttrf_
spttrs_ quad_spttrs_
sptts2_ quad_sptts2_
srot_ quad_srot_
srotg_ quad_srotg_
srotm_ quad_srotm_
srotmg_ quad_srotmg_
srscl_ quad_srscl_
ssbev_ quad_ssbev_
ssbevd_ quad_ssbevd_
ssbevx_ quad_ssbevx_
ssbgst_ quad_ssbgst_
ssbgv_ quad_ssbgv_
ssbgvd_ quad_ssbgvd_
ssbgvx_ quad_ssbgvx_
ssbmv_ quad_ssbmv_
ssbtrd_ quad_ssbtrd_
sscal_ quad_sscal_
ssfrk_ quad_ssfrk_
sspcon_ quad_sspcon_
sspev_ quad_sspev_
sspevd_ quad_sspevd_
sspevx_ quad_sspevx_
sspgst_ quad_sspgst_
sspgv_ quad_sspgv_
sspgvd_ quad_sspgvd_
sspgvx_ quad_sspgvx_
sspmv_ quad_sspmv_
sspr_ quad_sspr_
sspr2_ quad_sspr2_
ssprfs_ quad_ssprfs_
sspsv_ quad_sspsv_
sspsvx_ quad_sspsvx_
ssptrd_ quad_ssptrd_
ssptrf_ quad_ssptrf_
ssptri_ quad_ssptri_
ssptrs_ quad_ssptrs_
sstebz_ quad_sstebz_
sstedc_ quad_sstedc_
sstegr_ quad_sstegr_
sstein_ quad_sstein_
sstemr_ quad_sstemr_
ssteqr_ quad_ssteqr_
ssterf_ quad_ssterf_
sstev_ quad_sstev_
sstevd_ quad_sstevd_
sstevr_ quad_sstevr_
sstevx_ quad_sstevx_
sswap_ quad_sswap_
ssycon_ quad_ssycon_
ssycon_rook_ quad_ssycon_rook_
ssyconv_ quad_ssyconv_
ssyequb_ quad_ssyequb_
ssyev_ quad_ssyev_
ssyevd_ quad_ssyevd_
ssyevr_ quad_ssyevr_
ssyevx_ quad_ssyevx_
ssygs2_ quad_ssygs2_
ssygst_ quad_ssygst_
ssygv_ quad_ssygv_
ssygvd_ quad_ssygvd_
ssygvx_ quad_ssygvx_
ssymm_ quad_ssymm_
ssymv_ quad_ssymv_
ssyr_ quad_ssyr_
ssyr2_ quad_ssyr2_
ssyr2k_ quad_ssyr2k_
ssyrfs_ quad_ssyrfs_
ssyrk_ quad_ssyrk_
ssysv_ quad_ssysv_
ssysv_rook_ quad_ssysv_rook_
ssysvx_ quad_ssysvx_
ssyswapr_ quad_ssyswapr_
ssytd2_ quad_ssytd2_
ssytf2_ quad_ssytf2_
ssytf2_rook_ quad_ssytf2_rook_
ssytrd_ quad_ssytrd_
ssytrf_ quad_ssytrf_
ssytrf_rook_ quad_ssytrf_rook_
ssytri_ quad_ssytri_
ssytri2_ quad_ssytri2_
ssytri2x_ quad_ssytri2x_
ssytri_rook_ quad_ssytri_rook_
ssytrs_ quad_ssytrs_
ssytrs2_ quad_ssytrs2_
ssytrs_rook_ quad_ssytrs_rook_
stbcon_ quad_stbcon_
stbmv_ quad_stbmv_
stbrfs_ quad_stbrfs_
stbsv_ quad_stbsv_
stbtrs_ quad_stbtrs_
stfsm_ quad_stfsm_
stftri_ quad_stftri_
stfttp_ quad_stfttp_
stfttr_ quad_stfttr_
stgevc_ quad_stgevc_
stgex2_ quad_stgex2_
stgexc_ quad_stgexc_
stgsen_ quad_stgsen_
stgsja_ quad_stgsja_
stgsna_ quad_stgsna_
stgsy2_ quad_stgsy2_
stgsyl_ quad_stgsyl_
stpcon_ quad_stpcon_
stpmqrt_ quad_stpmqrt_
stpmv_ quad_stpmv_
stpqrt_ quad_stpqrt_
stpqrt2_ quad_stpqrt2_
stprfb_ quad_stprfb_
stprfs_ quad_stprfs_
stpsv_ quad_stpsv_
stptri_ quad_stptri_
stptrs_ quad_stptrs_
stpttf_ quad_stpttf_
stpttr_ quad_stpttr_
strcon_ quad_strcon_
strevc_ quad_strevc_
strexc_ quad_strexc_
strmm_ quad_strmm_
strmv_ quad_strmv_
strrfs_ quad_strrfs_
strsen_ quad_strsen_
strsm_ quad_strsm_
strsna_ quad_strsna_
strsv_ quad_strsv_
strsyl_ quad_strsyl_
strti2_ quad_strti2_
strtri_ quad_strtri_
strtrs_ quad_strtrs_
strttf_ quad_strttf_
strttp_ quad_strttp_
stzrqf_ quad_stzrqf_
stzrzf_ quad_stzrzf_
xerbla_ quad_xerbla_
xerbla_array_ quad_xerbla_array_
zaxpy_ quad_zaxpy_
zbbcsd_ quad_zbbcsd_
zbdsqr_ quad_zbdsqr_
zcgesv_ quad_zcgesv_
zcopy_ quad_zcopy_
zcposv_ quad_zcposv_
zdotc_ quad_zdotc_
zdotu_ quad_zdotu_
zdrot_ quad_zdrot_
zdrscl_ quad_zdrscl_
zdscal_ quad_zdscal_
zgbbrd_ quad_zgbbrd_
zgbcon_ quad_zgbcon_
zgbequ_ quad_zgbequ_
zgbequb_ quad_zgbequb_
zgbmv_ quad_zgbmv_
zgbrfs_ quad_zgbrfs_
zgbsv_ quad_zgbsv_
zgbsvx_ quad_zgbsvx_
zgbtf2_ quad_zgbtf2_
zgbtrf_ quad_zgbtrf_
zgbtrs_ quad_zgbtrs_
zgebak_ quad_zgebak_
zgebal_ quad_zgebal_
zgebd2_ quad_zgebd2_
zgebrd_ quad_zgebrd_
zgecon_ quad_zgecon_
zgeequ_ quad_zgeequ_
zgeequb_ quad_zgeequb_
zgees_ quad_zgees_
zgeesx_ quad_zgeesx_
zgeev_ quad_zgeev_
zgeevx_ quad_zgeevx_
zgegs_ quad_zgegs_
zgegv_ quad_zgegv_
zgehd2_ quad_zgehd2_
zgehrd_ quad_zgehrd_
zgelq2_ quad_zgelq2_
zgelqf_ quad_zgelqf_
zgels_ quad_zgels_
zgelsd_ quad_zgelsd_
zgelss_ quad_zgelss_
zgelsx_ quad_zgelsx_
zgelsy_ quad_zgelsy_
zgemm_ quad_zgemm_
zgemqrt_ quad_zgemqrt_
zgemv_ quad_zgemv_
zgeql2_ quad_zgeql2_
zgeqlf_ quad_zgeqlf_
zgeqp3_ quad_zgeqp3_
zgeqpf_ quad_zgeqpf_
zgeqr2_ quad_zgeqr2_
zgeqr2p_ quad_zgeqr2p_
zgeqrf_ quad_zgeqrf_
zgeqrfp_ quad_zgeqrfp_
zgeqrt_ quad_zgeqrt_
zgeqrt2_ quad_zgeqrt2_
zgeqrt3_ quad_zgeqrt3_
zgerc_ quad_zgerc_
zgerfs_ quad_zgerfs_
zgerq2_ quad_zgerq2_
zgerqf_ quad_zgerqf_
zgeru_ quad_zgeru_
zgesc2_ quad_zgesc2_
zgesdd_ quad_zgesdd_
zgesv_ quad_zgesv_
zgesvd_ quad_zgesvd_
zgesvx_ quad_zgesvx_
zgetc2_ quad_zgetc2_
zgetf2_ quad_zgetf2_
zgetrf_ quad_zgetrf_
zgetri_ quad_zgetri_
zgetrs_ quad_zgetrs_
zggbak_ quad_zggbak_
zggbal_ quad_zggbal_
zgges_ quad_zgges_
zggesx_ quad_zggesx_
zggev_ quad_zggev_
zggevx_ quad_zggevx_
zggglm_ quad_zggglm_
zgghrd_ quad_zgghrd_
zgglse_ quad_zgglse_
zggqrf_ quad_zggqrf_
zggrqf_ quad_zggrqf_
zggsvd_ quad_zggsvd_
zggsvp_ quad_zggsvp_
zgtcon_ quad_zgtcon_
zgtrfs_ quad_zgtrfs_
zgtsv_ quad_zgtsv_
zgtsvx_ quad_zgtsvx_
zgttrf_ quad_zgttrf_
zgttrs_ quad_zgttrs_
zgtts2_ quad_zgtts2_
zhbev_ quad_zhbev_
zhbevd_ quad_zhbevd_
zhbevx_ quad_zhbevx_
zhbgst_ quad_zhbgst_
zhbgv_ quad_zhbgv_
zhbgvd_ quad_zhbgvd_
zhbgvx_ quad_zhbgvx_
zhbmv_ quad_zhbmv_
zhbtrd_ quad_zhbtrd_
zhecon_ quad_zhecon_
zhecon_rook_ quad_zhecon_rook_
zheequb_ quad_zheequb_
zheev_ quad_zheev_
zheevd_ quad_zheevd_
zheevr_ quad_zheevr_
zheevx_ quad_zheevx_
zhegs2_ quad_zhegs2_
zhegst_ quad_zhegst_
zhegv_ quad_zhegv_
zhegvd_ quad_zhegvd_
zhegvx_ quad_zhegvx_
zhemm_ quad_zhemm_
zhemv_ quad_zhemv_
zher_ quad_zher_
zher2_ quad_zher2_
zher2k_ quad_zher2k_
zherfs_ quad_zherfs_
zherk_ quad_zherk_
zhesv_ quad_zhesv_
zhesv_rook_ quad_zhesv_rook_
zhesvx_ quad_zhesvx_
zheswapr_ quad_zheswapr_
zhetd2_ quad_zhetd2_
zhetf2_ quad_zhetf2_
zhetf2_rook_ quad_zhetf2_rook_
zhetrd_ quad_zhetrd_
zhetrf_ quad_zhetrf_
zhetrf_rook_ quad_zhetrf_rook_
zhetri_ quad_zhetri_
zhetri2_ quad_zhetri2_
zhetri2x_ quad_zhetri2x_
zhetri_rook_ quad_zhetri_rook_
zhetrs_ quad_zhetrs_
zhetrs2_ quad_zhetrs2_
zhetrs_rook_ quad_zhetrs_rook_
zhfrk_ quad_zhfrk_
zhgeqz_ quad_zhgeqz_
zhpcon_ quad_zhpcon_
zhpev_ quad_zhpev_
zhpevd_ quad_zhpevd_
zhpevx_ quad_zhpevx_
zhpgst_ quad_zhpgst_
zhpgv_ quad_zhpgv_
zhpgvd_ quad_zhpgvd_
zhpgvx_ quad_zhpgvx_
zhpmv_ quad_zhpmv_
zhpr_ quad_zhpr_
zhpr2_ quad_zhpr2_
zhprfs_ quad_zhprfs_
zhpsv_ quad_zhpsv_
zhpsvx_ quad_zhpsvx_
zhptrd_ quad_zhptrd_
zhptrf_ quad_zhptrf_
zhptri_ quad_zhptri_
zhptrs_ quad_zhptrs_
zhsein_ quad_zhsein_
zhseqr_ quad_zhseqr_
zlabrd_ quad_zlabrd_
zlacgv_ quad_zlacgv_
zlacn2_ quad_zlacn2_
zlacon_ quad_zlacon_
zlacp2_ quad_zlacp2_
zlacpy_ quad_zlacpy_
zlacrm_ quad_zlacrm_
zlacrt_ quad_zlacrt_
zladiv_ quad_zladiv_
zlaed0_ quad_zlaed0_
zlaed7_ quad_zlaed7_
zlaed8_ quad_zlaed8_
zlaein_ quad_zlaein_
zlaesy_ quad_zlaesy_
zlaev2_ quad_zlaev2_
zlag2c_ quad_zlag2c_
zlags2_ quad_zlags2_
zlagtm_ quad_zlagtm_
zlahef_ quad_zlahef_
zlahef_rook_ quad_zlahef_rook_
zlahqr_ quad_zlahqr_
zlahr2_ quad_zlahr2_
zlahrd_ quad_zlahrd_
zlaic1_ quad_zlaic1_
zlals0_ quad_zlals0_
zlalsa_ quad_zlalsa_
zlalsd_ quad_zlalsd_
zlangb_ quad_zlangb_
zlange_ quad_zlange_
zlangt_ quad_zlangt_
zlanhb_ quad_zlanhb_
zlanhe_ quad_zlanhe_
zlanhf_ quad_zlanhf_
zlanhp_ quad_zlanhp_
zlanhs_ quad_zlanhs_
zlanht_ quad_zlanht_
zlansb_ quad_zlansb_
zlansp_ quad_zlansp_
zlansy_ quad_zlansy_
zlantb_ quad_zlantb_
zlantp_ quad_zlantp_
zlantr_ quad_zlantr_
zlapll_ quad_zlapll_
zlapmr_ quad_zlapmr_
zlapmt_ quad_zlapmt_
zlaqgb_ quad_zlaqgb_
zlaqge_ quad_zlaqge_
zlaqhb_ quad_zlaqhb_
zlaqhe_ quad_zlaqhe_
zlaqhp_ quad_zlaqhp_
zlaqp2_ quad_zlaqp2_
zlaqps_ quad_zlaqps_
zlaqr0_ quad_zlaqr0_
zlaqr1_ quad_zlaqr1_
zlaqr2_ quad_zlaqr2_
zlaqr3_ quad_zlaqr3_
zlaqr4_ quad_zlaqr4_
zlaqr5_ quad_zlaqr5_
zlaqsb_ quad_zlaqsb_
zlaqsp_ quad_zlaqsp_
zlaqsy_ quad_zlaqsy_
zlar1v_ quad_zlar1v_
zlar2v_ quad_zlar2v_
zlarcm_ quad_zlarcm_
zlarf_ quad_zlarf_
zlarfb_ quad_zlarfb_
zlarfg_ quad_zlarfg_
zlarfgp_ quad_zlarfgp_
zlarft_ quad_zlarft_
zlarfx_ quad_zlarfx_
zlargv_ quad_zlargv_
zlarnv_ quad_zlarnv_
zlarrv_ quad_zlarrv_
zlartg_ quad_zlartg_
zlartv_ quad_zlartv_
zlarz_ quad_zlarz_
zlarzb_ quad_zlarzb_
zlarzt_ quad_zlarzt_
zlascl_ quad_zlascl_
zlaset_ quad_zlaset_
zlasr_ quad_zlasr_
zlassq_ quad_zlassq_
zlaswp_ quad_zlaswp_
zlasyf_ quad_zlasyf_
zlasyf_rook_ quad_zlasyf_rook_
zlat2c_ quad_zlat2c_
zlatbs_ quad_zlatbs_
zlatdf_ quad_zlatdf_
zlatps_ quad_zlatps_
zlatrd_ quad_zlatrd_
zlatrs_ quad_zlatrs_
zlatrz_ quad_zlatrz_
zlatzm_ quad_zlatzm_
zlauu2_ quad_zlauu2_
zlauum_ quad_zlauum_
zpbcon_ quad_zpbcon_
zpbequ_ quad_zpbequ_
zpbrfs_ quad_zpbrfs_
zpbstf_ quad_zpbstf_
zpbsv_ quad_zpbsv_
zpbsvx_ quad_zpbsvx_
zpbtf2_ quad_zpbtf2_
zpbtrf_ quad_zpbtrf_
zpbtrs_ quad_zpbtrs_
zpftrf_ quad_zpftrf_
zpftri_ quad_zpftri_
zpftrs_ quad_zpftrs_
zpocon_ quad_zpocon_
zpoequ_ quad_zpoequ_
zpoequb_ quad_zpoequb_
zporfs_ quad_zporfs_
zposv_ quad_zposv_
zposvx_ quad_zposvx_
zpotf2_ quad_zpotf2_
zpotrf_ quad_zpotrf_
zpotri_ quad_zpotri_
zpotrs_ quad_zpotrs_
zppcon_ quad_zppcon_
zppequ_ quad_zppequ_
zpprfs_ quad_zpprfs_
zppsv_ quad_zppsv_
zppsvx_ quad_zppsvx_
zpptrf_ quad_zpptrf_
zpptri_ quad_zpptri_
zpptrs_ quad_zpptrs_
zpstf2_ quad_zpstf2_
zpstrf_ quad_zpstrf_
zptcon_ quad_zptcon_
zpteqr_ quad_zpteqr_
zptrfs_ quad_zptrfs_
zptsv_ quad_zptsv_
zptsvx_ quad_zptsvx_
zpttrf_ quad_zpttrf_
zpttrs_ quad_zpttrs_
zptts2_ quad_zptts2_
zrot_ quad_zrot_
zrotg_ quad_zrotg_
zscal_ quad_zscal_
zspcon_ quad_zspcon_
zspmv_ quad_zspmv_
zspr_ quad_zspr_
zsprfs_ quad_zsprfs_
zspsv_ quad_zspsv_
zspsvx_ quad_zspsvx_
zsptrf_ quad_zsptrf_
zsptri_ quad_zsptri_
zsptrs_ quad_zsptrs_
zstedc_ quad_zstedc_
zstegr_ quad_zstegr_
zstein_ quad_zstein_
zstemr_ quad_zstemr_
zsteqr_ quad_zsteqr_
zswap_ quad_zswap_
zsycon_ quad_zsycon_
zsycon_rook_ quad_zsycon_rook_
zsyconv_ quad_zsyconv_
zsyequb_ quad_zsyequb_
zsymm_ quad_zsymm_
zsymv_ quad_zsymv_
zsyr_ quad_zsyr_
zsyr2k_ quad_zsyr2k_
zsyrfs_ quad_zsyrfs_
zsyrk_ quad_zsyrk_
zsysv_ quad_zsysv_
zsysv_rook_ quad_zsysv_rook_
zsysvx_ quad_zsysvx_
zsyswapr_ quad_zsyswapr_
zsytf2_ quad_zsytf2_
zsytf2_rook_ quad_zsytf2_rook_
zsytrf_ quad_zsytrf_
zsytrf_rook_ quad_zsytrf_rook_
zsytri_ quad_zsytri_
zsytri2_ quad_zsytri2_
zsytri2x_ quad_zsytri2x_
zsytri_rook_ quad_zsytri_rook_
zsytrs_ quad_zsytrs_
zsytrs2_ quad_zsytrs2_
zsytrs_rook_ quad_zsytrs_rook_
ztbcon_ quad_ztbcon_
ztbmv_ quad_ztbmv_
ztbrfs_ quad_ztbrfs_
ztbsv_ quad_ztbsv_
ztbtrs_ quad_ztbtrs_
ztfsm_ quad_ztfsm_
ztftri_ quad_ztftri_
ztfttp_ quad_ztfttp_
ztfttr_ quad_ztfttr_
ztgevc_ quad_ztgevc_
ztgex2_ quad_ztgex2_
ztgexc_ quad_ztgexc_
ztgsen_ quad_ztgsen_
ztgsja_ quad_ztgsja_
ztgsna_ quad_ztgsna_
ztgsy2_ quad_ztgsy2_
ztgsyl_ quad_ztgsyl_
ztpcon_ quad_ztpcon_
ztpmqrt_ quad_ztpmqrt_
ztpmv_ quad_ztpmv_
ztpqrt_ quad_ztpqrt_
ztpqrt2_ quad_ztpqrt2_
ztprfb_ quad_ztprfb_
ztprfs_ quad_ztprfs_
ztpsv_ quad_ztpsv_
ztptri_ quad_ztptri_
ztptrs_ quad_ztptrs_
ztpttf_ quad_ztpttf_
ztpttr_ quad_ztpttr_
ztrcon_ quad_ztrcon_
ztrevc_ quad_ztrevc_
ztrexc_ quad_ztrexc_
ztrmm_ quad_ztrmm_
ztrmv_ quad_ztrmv_
ztrrfs_ quad_ztrrfs_
ztrsen_ quad_ztrsen_
ztrsm_ quad_ztrsm_
ztrsna_ quad_ztrsna_
ztrsv_ quad_ztrsv_
ztrsyl_ quad_ztrsyl_
ztrti2_ quad_ztrti2_
ztrtri_ quad_ztrtri_
ztrtrs_ quad_ztrtrs_
ztrttf_ quad_ztrttf_
ztrttp_ quad_ztrttp_
ztzrqf_ quad_ztzrqf_
ztzrzf_ quad_ztzrzf_
zunbdb_ quad_zunbdb_
zunbdb1_ quad_zunbdb1_
zunbdb2_ quad_zunbdb2_
zunbdb3_ quad_zunbdb3_
zunbdb4_ quad_zunbdb4_
zunbdb5_ quad_zunbdb5_
zunbdb6_ quad_zunbdb6_
zuncsd_ quad_zuncsd_
zuncsd2by1_ quad_zuncsd2by1_
zung2l_ quad_zung2l_
zung2r_ quad_zung2r_
zungbr_ quad_zungbr_
zunghr_ quad_zunghr_
zungl2_ quad_zungl2_
zunglq_ quad_zunglq_
zungql_ quad_zungql_
zungqr_ quad_zungqr_
zungr2_ quad_zungr2_
zungrq_ quad_zungrq_
zungtr_ quad_zungtr_
zunm2l_ quad_zunm2l_
zunm2r_ quad_zunm2r_
zunmbr_ quad_zunmbr_
zunmhr_ quad_zunmhr_
zunml2_ quad_zunml2_
zunmlq_ quad_zunmlq_
zunmql_ quad_zunmql_
zunmqr_ quad_zunmqr_
zunmr2_ quad_zunmr2_
zunmr3_ quad_zunmr3_
zunmrq_ quad_zunmrq_
zunmrz_ quad_zunmrz_
zunmtr_ quad_zunmtr_
zupgtr_ quad_zupgtr_
zupmtr_ quad_zupmtr_
