caxpy_ quad_zaxpy_
cbbcsd_ quad_zbbcsd_
cbdsqr_ quad_zbdsqr_
ccopy_ quad_zcopy_
cdotc_ quad_zdotc_
cdotu_ quad_zdotu_
cgbbrd_ quad_zgbbrd_
cgbcon_ quad_zgbcon_
cgbequ_ quad_zgbequ_
cgbequb_ quad_zgbequb_
cgbmv_ quad_zgbmv_
cgbrfs_ quad_zgbrfs_
cgbsv_ quad_zgbsv_
cgbsvx_ quad_zgbsvx_
cgbtf2_ quad_zgbtf2_
cgbtrf_ quad_zgbtrf_
cgbtrs_ quad_zgbtrs_
cgebak_ quad_zgebak_
cgebal_ quad_zgebal_
cgebd2_ quad_zgebd2_
cgebrd_ quad_zgebrd_
cgecon_ quad_zgecon_
cgeequ_ quad_zgeequ_
cgeequb_ quad_zgeequb_
cgees_ quad_zgees_
cgeesx_ quad_zgeesx_
cgeev_ quad_zgeev_
cgeevx_ quad_zgeevx_
cgegs_ quad_zgegs_
cgegv_ quad_zgegv_
cgehd2_ quad_zgehd2_
cgehrd_ quad_zgehrd_
cgelq2_ quad_zgelq2_
cgelqf_ quad_zgelqf_
cgels_ quad_zgels_
cgelsd_ quad_zgelsd_
cgelss_ quad_zgelss_
cgelsx_ quad_zgelsx_
cgelsy_ quad_zgelsy_
cgemm_ quad_zgemm_
cgemqrt_ quad_zgemqrt_
cgemv_ quad_zgemv_
cgeql2_ quad_zgeql2_
cgeqlf_ quad_zgeqlf_
cgeqp3_ quad_zgeqp3_
cgeqpf_ quad_zgeqpf_
cgeqr2_ quad_zgeqr2_
cgeqr2p_ quad_zgeqr2p_
cgeqrf_ quad_zgeqrf_
cgeqrfp_ quad_zgeqrfp_
cgeqrt_ quad_zgeqrt_
cgeqrt2_ quad_zgeqrt2_
cgeqrt3_ quad_zgeqrt3_
cgerc_ quad_zgerc_
cgerfs_ quad_zgerfs_
cgerq2_ quad_zgerq2_
cgerqf_ quad_zgerqf_
cgeru_ quad_zgeru_
cgesc2_ quad_zgesc2_
cgesdd_ quad_zgesdd_
cgesv_ quad_zgesv_
cgesvd_ quad_zgesvd_
cgesvx_ quad_zgesvx_
cgetc2_ quad_zgetc2_
cgetf2_ quad_zgetf2_
cgetrf_ quad_zgetrf_
cgetri_ quad_zgetri_
cgetrs_ quad_zgetrs_
cggbak_ quad_zggbak_
cggbal_ quad_zggbal_
cgges_ quad_zgges_
cggesx_ quad_zggesx_
cggev_ quad_zggev_
cggevx_ quad_zggevx_
cggglm_ quad_zggglm_
cgghrd_ quad_zgghrd_
cgglse_ quad_zgglse_
cggqrf_ quad_zggqrf_
cggrqf_ quad_zggrqf_
cggsvd_ quad_zggsvd_
cggsvp_ quad_zggsvp_
cgtcon_ quad_zgtcon_
cgtrfs_ quad_zgtrfs_
cgtsv_ quad_zgtsv_
cgtsvx_ quad_zgtsvx_
cgttrf_ quad_zgttrf_
cgttrs_ quad_zgttrs_
cgtts2_ quad_zgtts2_
chbev_ quad_zhbev_
chbevd_ quad_zhbevd_
chbevx_ quad_zhbevx_
chbgst_ quad_zhbgst_
chbgv_ quad_zhbgv_
chbgvd_ quad_zhbgvd_
chbgvx_ quad_zhbgvx_
chbmv_ quad_zhbmv_
chbtrd_ quad_zhbtrd_
checon_ quad_zhecon_
checon_rook_ quad_zhecon_rook_
cheequb_ quad_zheequb_
cheev_ quad_zheev_
cheevd_ quad_zheevd_
cheevr_ quad_zheevr_
cheevx_ quad_zheevx_
chegs2_ quad_zhegs2_
chegst_ quad_zhegst_
chegv_ quad_zhegv_
chegvd_ quad_zhegvd_
chegvx_ quad_zhegvx_
chemm_ quad_zhemm_
chemv_ quad_zhemv_
cher_ quad_zher_
cher2_ quad_zher2_
cher2k_ quad_zher2k_
cherfs_ quad_zherfs_
cherk_ quad_zherk_
chesv_ quad_zhesv_
chesv_rook_ quad_zhesv_rook_
chesvx_ quad_zhesvx_
cheswapr_ quad_zheswapr_
chetd2_ quad_zhetd2_
chetf2_ quad_zhetf2_
chetf2_rook_ quad_zhetf2_rook_
chetrd_ quad_zhetrd_
chetrf_ quad_zhetrf_
chetrf_rook_ quad_zhetrf_rook_
chetri_ quad_zhetri_
chetri2_ quad_zhetri2_
chetri2x_ quad_zhetri2x_
chetri_rook_ quad_zhetri_rook_
chetrs_ quad_zhetrs_
chetrs2_ quad_zhetrs2_
chetrs_rook_ quad_zhetrs_rook_
chfrk_ quad_zhfrk_
chgeqz_ quad_zhgeqz_
chla_transtype_ quad_zhla_transtype_
chpcon_ quad_zhpcon_
chpev_ quad_zhpev_
chpevd_ quad_zhpevd_
chpevx_ quad_zhpevx_
chpgst_ quad_zhpgst_
chpgv_ quad_zhpgv_
chpgvd_ quad_zhpgvd_
chpgvx_ quad_zhpgvx_
chpmv_ quad_zhpmv_
chpr_ quad_zhpr_
chpr2_ quad_zhpr2_
chprfs_ quad_zhprfs_
chpsv_ quad_zhpsv_
chpsvx_ quad_zhpsvx_
chptrd_ quad_zhptrd_
chptrf_ quad_zhptrf_
chptri_ quad_zhptri_
chptrs_ quad_zhptrs_
chsein_ quad_zhsein_
chseqr_ quad_zhseqr_
clabrd_ quad_zlabrd_
clacgv_ quad_zlacgv_
clacn2_ quad_zlacn2_
clacon_ quad_zlacon_
clacp2_ quad_zlacp2_
clacpy_ quad_zlacpy_
clacrm_ quad_zlacrm_
clacrt_ quad_zlacrt_
cladiv_ quad_zladiv_
claed0_ quad_zlaed0_
claed7_ quad_zlaed7_
claed8_ quad_zlaed8_
claein_ quad_zlaein_
claesy_ quad_zlaesy_
claev2_ quad_zlaev2_
clag2z_ quad_zlag2z_
clags2_ quad_zlags2_
clagtm_ quad_zlagtm_
clahef_ quad_zlahef_
clahef_rook_ quad_zlahef_rook_
clahqr_ quad_zlahqr_
clahr2_ quad_zlahr2_
clahrd_ quad_zlahrd_
claic1_ quad_zlaic1_
clals0_ quad_zlals0_
clalsa_ quad_zlalsa_
clalsd_ quad_zlalsd_
clangb_ quad_zlangb_
clange_ quad_zlange_
clangt_ quad_zlangt_
clanhb_ quad_zlanhb_
clanhe_ quad_zlanhe_
clanhf_ quad_zlanhf_
clanhp_ quad_zlanhp_
clanhs_ quad_zlanhs_
clanht_ quad_zlanht_
clansb_ quad_zlansb_
clansp_ quad_zlansp_
clansy_ quad_zlansy_
clantb_ quad_zlantb_
clantp_ quad_zlantp_
clantr_ quad_zlantr_
clapll_ quad_zlapll_
clapmr_ quad_zlapmr_
clapmt_ quad_zlapmt_
claqgb_ quad_zlaqgb_
claqge_ quad_zlaqge_
claqhb_ quad_zlaqhb_
claqhe_ quad_zlaqhe_
claqhp_ quad_zlaqhp_
claqp2_ quad_zlaqp2_
claqps_ quad_zlaqps_
claqr0_ quad_zlaqr0_
claqr1_ quad_zlaqr1_
claqr2_ quad_zlaqr2_
claqr3_ quad_zlaqr3_
claqr4_ quad_zlaqr4_
claqr5_ quad_zlaqr5_
claqsb_ quad_zlaqsb_
claqsp_ quad_zlaqsp_
claqsy_ quad_zlaqsy_
clar1v_ quad_zlar1v_
clar2v_ quad_zlar2v_
clarcm_ quad_zlarcm_
clarf_ quad_zlarf_
clarfb_ quad_zlarfb_
clarfg_ quad_zlarfg_
clarfgp_ quad_zlarfgp_
clarft_ quad_zlarft_
clarfx_ quad_zlarfx_
clargv_ quad_zlargv_
clarnv_ quad_zlarnv_
clarrv_ quad_zlarrv_
clartg_ quad_zlartg_
clartv_ quad_zlartv_
clarz_ quad_zlarz_
clarzb_ quad_zlarzb_
clarzt_ quad_zlarzt_
clascl_ quad_zlascl_
claset_ quad_zlaset_
clasr_ quad_zlasr_
classq_ quad_zlassq_
claswp_ quad_zlaswp_
clasyf_ quad_zlasyf_
clasyf_rook_ quad_zlasyf_rook_
clatbs_ quad_zlatbs_
clatdf_ quad_zlatdf_
clatps_ quad_zlatps_
clatrd_ quad_zlatrd_
clatrs_ quad_zlatrs_
clatrz_ quad_zlatrz_
clatzm_ quad_zlatzm_
clauu2_ quad_zlauu2_
clauum_ quad_zlauum_
cpbcon_ quad_zpbcon_
cpbequ_ quad_zpbequ_
cpbrfs_ quad_zpbrfs_
cpbstf_ quad_zpbstf_
cpbsv_ quad_zpbsv_
cpbsvx_ quad_zpbsvx_
cpbtf2_ quad_zpbtf2_
cpbtrf_ quad_zpbtrf_
cpbtrs_ quad_zpbtrs_
cpftrf_ quad_zpftrf_
cpftri_ quad_zpftri_
cpftrs_ quad_zpftrs_
cpocon_ quad_zpocon_
cpoequ_ quad_zpoequ_
cpoequb_ quad_zpoequb_
cporfs_ quad_zporfs_
cposv_ quad_zposv_
cposvx_ quad_zposvx_
cpotf2_ quad_zpotf2_
cpotrf_ quad_zpotrf_
cpotri_ quad_zpotri_
cpotrs_ quad_zpotrs_
cppcon_ quad_zppcon_
cppequ_ quad_zppequ_
cpprfs_ quad_zpprfs_
cppsv_ quad_zppsv_
cppsvx_ quad_zppsvx_
cpptrf_ quad_zpptrf_
cpptri_ quad_zpptri_
cpptrs_ quad_zpptrs_
cpstf2_ quad_zpstf2_
cpstrf_ quad_zpstrf_
cptcon_ quad_zptcon_
cpteqr_ quad_zpteqr_
cptrfs_ quad_zptrfs_
cptsv_ quad_zptsv_
cptsvx_ quad_zptsvx_
cpttrf_ quad_zpttrf_
cpttrs_ quad_zpttrs_
cptts2_ quad_zptts2_
crot_ quad_zrot_
crotg_ quad_zrotg_
cscal_ quad_zscal_
cspcon_ quad_zspcon_
cspmv_ quad_zspmv_
cspr_ quad_zspr_
csprfs_ quad_zsprfs_
cspsv_ quad_zspsv_
cspsvx_ quad_zspsvx_
csptrf_ quad_zsptrf_
csptri_ quad_zsptri_
csptrs_ quad_zsptrs_
csrot_ quad_zsrot_
csrscl_ quad_zsrscl_
csscal_ quad_zsscal_
cstedc_ quad_zstedc_
cstegr_ quad_zstegr_
cstein_ quad_zstein_
cstemr_ quad_zstemr_
csteqr_ quad_zsteqr_
cswap_ quad_zswap_
csycon_ quad_zsycon_
csycon_rook_ quad_zsycon_rook_
csyconv_ quad_zsyconv_
csyequb_ quad_zsyequb_
csymm_ quad_zsymm_
csymv_ quad_zsymv_
csyr_ quad_zsyr_
csyr2k_ quad_zsyr2k_
csyrfs_ quad_zsyrfs_
csyrk_ quad_zsyrk_
csysv_ quad_zsysv_
csysv_rook_ quad_zsysv_rook_
csysvx_ quad_zsysvx_
csyswapr_ quad_zsyswapr_
csytf2_ quad_zsytf2_
csytf2_rook_ quad_zsytf2_rook_
csytrf_ quad_zsytrf_
csytrf_rook_ quad_zsytrf_rook_
csytri_ quad_zsytri_
csytri2_ quad_zsytri2_
csytri2x_ quad_zsytri2x_
csytri_rook_ quad_zsytri_rook_
csytrs_ quad_zsytrs_
csytrs2_ quad_zsytrs2_
csytrs_rook_ quad_zsytrs_rook_
ctbcon_ quad_ztbcon_
ctbmv_ quad_ztbmv_
ctbrfs_ quad_ztbrfs_
ctbsv_ quad_ztbsv_
ctbtrs_ quad_ztbtrs_
ctfsm_ quad_ztfsm_
ctftri_ quad_ztftri_
ctfttp_ quad_ztfttp_
ctfttr_ quad_ztfttr_
ctgevc_ quad_ztgevc_
ctgex2_ quad_ztgex2_
ctgexc_ quad_ztgexc_
ctgsen_ quad_ztgsen_
ctgsja_ quad_ztgsja_
ctgsna_ quad_ztgsna_
ctgsy2_ quad_ztgsy2_
ctgsyl_ quad_ztgsyl_
ctpcon_ quad_ztpcon_
ctpmqrt_ quad_ztpmqrt_
ctpmv_ quad_ztpmv_
ctpqrt_ quad_ztpqrt_
ctpqrt2_ quad_ztpqrt2_
ctprfb_ quad_ztprfb_
ctprfs_ quad_ztprfs_
ctpsv_ quad_ztpsv_
ctptri_ quad_ztptri_
ctptrs_ quad_ztptrs_
ctpttf_ quad_ztpttf_
ctpttr_ quad_ztpttr_
ctrcon_ quad_ztrcon_
ctrevc_ quad_ztrevc_
ctrexc_ quad_ztrexc_
ctrmm_ quad_ztrmm_
ctrmv_ quad_ztrmv_
ctrrfs_ quad_ztrrfs_
ctrsen_ quad_ztrsen_
ctrsm_ quad_ztrsm_
ctrsna_ quad_ztrsna_
ctrsv_ quad_ztrsv_
ctrsyl_ quad_ztrsyl_
ctrti2_ quad_ztrti2_
ctrtri_ quad_ztrtri_
ctrtrs_ quad_ztrtrs_
ctrttf_ quad_ztrttf_
ctrttp_ quad_ztrttp_
ctzrqf_ quad_ztzrqf_
ctzrzf_ quad_ztzrzf_
cunbdb_ quad_zunbdb_
cunbdb1_ quad_zunbdb1_
cunbdb2_ quad_zunbdb2_
cunbdb3_ quad_zunbdb3_
cunbdb4_ quad_zunbdb4_
cunbdb5_ quad_zunbdb5_
cunbdb6_ quad_zunbdb6_
cuncsd_ quad_zuncsd_
cuncsd2by1_ quad_zuncsd2by1_
cung2l_ quad_zung2l_
cung2r_ quad_zung2r_
cungbr_ quad_zungbr_
cunghr_ quad_zunghr_
cungl2_ quad_zungl2_
cunglq_ quad_zunglq_
cungql_ quad_zungql_
cungqr_ quad_zungqr_
cungr2_ quad_zungr2_
cungrq_ quad_zungrq_
cungtr_ quad_zungtr_
cunm2l_ quad_zunm2l_
cunm2r_ quad_zunm2r_
cunmbr_ quad_zunmbr_
cunmhr_ quad_zunmhr_
cunml2_ quad_zunml2_
cunmlq_ quad_zunmlq_
cunmql_ quad_zunmql_
cunmqr_ quad_zunmqr_
cunmr2_ quad_zunmr2_
cunmr3_ quad_zunmr3_
cunmrq_ quad_zunmrq_
cunmrz_ quad_zunmrz_
cunmtr_ quad_zunmtr_
cupgtr_ quad_zupgtr_
cupmtr_ quad_zupmtr_
dasum_ quad_sasum_
daxpy_ quad_saxpy_
dbbcsd_ quad_sbbcsd_
dbdsdc_ quad_sbdsdc_
dbdsqr_ quad_sbdsqr_
dcabs1_ quad_scabs1_
dcopy_ quad_scopy_
ddisna_ quad_sdisna_
ddot_ quad_sdot_
dgbbrd_ quad_sgbbrd_
dgbcon_ quad_sgbcon_
dgbequ_ quad_sgbequ_
dgbequb_ quad_sgbequb_
dgbmv_ quad_sgbmv_
dgbrfs_ quad_sgbrfs_
dgbsv_ quad_sgbsv_
dgbsvx_ quad_sgbsvx_
dgbtf2_ quad_sgbtf2_
dgbtrf_ quad_sgbtrf_
dgbtrs_ quad_sgbtrs_
dgebak_ quad_sgebak_
dgebal_ quad_sgebal_
dgebd2_ quad_sgebd2_
dgebrd_ quad_sgebrd_
dgecon_ quad_sgecon_
dgeequ_ quad_sgeequ_
dgeequb_ quad_sgeequb_
dgees_ quad_sgees_
dgeesx_ quad_sgeesx_
dgeev_ quad_sgeev_
dgeevx_ quad_sgeevx_
dgegs_ quad_sgegs_
dgegv_ quad_sgegv_
dgehd2_ quad_sgehd2_
dgehrd_ quad_sgehrd_
dgejsv_ quad_sgejsv_
dgelq2_ quad_sgelq2_
dgelqf_ quad_sgelqf_
dgels_ quad_sgels_
dgelsd_ quad_sgelsd_
dgelss_ quad_sgelss_
dgelsx_ quad_sgelsx_
dgelsy_ quad_sgelsy_
dgemm_ quad_sgemm_
dgemqrt_ quad_sgemqrt_
dgemv_ quad_sgemv_
dgeql2_ quad_sgeql2_
dgeqlf_ quad_sgeqlf_
dgeqp3_ quad_sgeqp3_
dgeqpf_ quad_sgeqpf_
dgeqr2_ quad_sgeqr2_
dgeqr2p_ quad_sgeqr2p_
dgeqrf_ quad_sgeqrf_
dgeqrfp_ quad_sgeqrfp_
dgeqrt_ quad_sgeqrt_
dgeqrt2_ quad_sgeqrt2_
dgeqrt3_ quad_sgeqrt3_
dger_ quad_sger_
dgerfs_ quad_sgerfs_
dgerq2_ quad_sgerq2_
dgerqf_ quad_sgerqf_
dgesc2_ quad_sgesc2_
dgesdd_ quad_sgesdd_
dgesv_ quad_sgesv_
dgesvd_ quad_sgesvd_
dgesvj_ quad_sgesvj_
dgesvx_ quad_sgesvx_
dgetc2_ quad_sgetc2_
dgetf2_ quad_sgetf2_
dgetrf_ quad_sgetrf_
dgetri_ quad_sgetri_
dgetrs_ quad_sgetrs_
dggbak_ quad_sggbak_
dggbal_ quad_sggbal_
dgges_ quad_sgges_
dggesx_ quad_sggesx_
dggev_ quad_sggev_
dggevx_ quad_sggevx_
dggglm_ quad_sggglm_
dgghrd_ quad_sgghrd_
dgglse_ quad_sgglse_
dggqrf_ quad_sggqrf_
dggrqf_ quad_sggrqf_
dggsvd_ quad_sggsvd_
dggsvp_ quad_sggsvp_
dgsvj0_ quad_sgsvj0_
dgsvj1_ quad_sgsvj1_
dgtcon_ quad_sgtcon_
dgtrfs_ quad_sgtrfs_
dgtsv_ quad_sgtsv_
dgtsvx_ quad_sgtsvx_
dgttrf_ quad_sgttrf_
dgttrs_ quad_sgttrs_
dgtts2_ quad_sgtts2_
dhgeqz_ quad_shgeqz_
dhsein_ quad_shsein_
dhseqr_ quad_shseqr_
disnan_ quad_sisnan_
dlabad_ quad_slabad_
dlabrd_ quad_slabrd_
dlacn2_ quad_slacn2_
dlacon_ quad_slacon_
dlacpy_ quad_slacpy_
dladiv_ quad_sladiv_
dladiv1_ quad_sladiv1_
dladiv2_ quad_sladiv2_
dlae2_ quad_slae2_
dlaebz_ quad_slaebz_
dlaed0_ quad_slaed0_
dlaed1_ quad_slaed1_
dlaed2_ quad_slaed2_
dlaed3_ quad_slaed3_
dlaed4_ quad_slaed4_
dlaed5_ quad_slaed5_
dlaed6_ quad_slaed6_
dlaed7_ quad_slaed7_
dlaed8_ quad_slaed8_
dlaed9_ quad_slaed9_
dlaeda_ quad_slaeda_
dlaein_ quad_slaein_
dlaev2_ quad_slaev2_
dlaexc_ quad_slaexc_
dlag2_ quad_slag2_
dlag2s_ quad_slag2s_
dlags2_ quad_slags2_
dlagtf_ quad_slagtf_
dlagtm_ quad_slagtm_
dlagts_ quad_slagts_
dlagv2_ quad_slagv2_
dlahqr_ quad_slahqr_
dlahr2_ quad_slahr2_
dlahrd_ quad_slahrd_
dlaic1_ quad_slaic1_
dlaisnan_ quad_slaisnan_
dlaln2_ quad_slaln2_
dlals0_ quad_slals0_
dlalsa_ quad_slalsa_
dlalsd_ quad_slalsd_
dlamc3_ quad_slamc3_
dlamch_ quad_slamch_
dlamrg_ quad_slamrg_
dlaneg_ quad_slaneg_
dlangb_ quad_slangb_
dlange_ quad_slange_
dlangt_ quad_slangt_
dlanhs_ quad_slanhs_
dlansb_ quad_slansb_
dlansf_ quad_slansf_
dlansp_ quad_slansp_
dlanst_ quad_slanst_
dlansy_ quad_slansy_
dlantb_ quad_slantb_
dlantp_ quad_slantp_
dlantr_ quad_slantr_
dlanv2_ quad_slanv2_
dlapll_ quad_slapll_
dlapmr_ quad_slapmr_
dlapmt_ quad_slapmt_
dlapy2_ quad_slapy2_
dlapy3_ quad_slapy3_
dlaqgb_ quad_slaqgb_
dlaqge_ quad_slaqge_
dlaqp2_ quad_slaqp2_
dlaqps_ quad_slaqps_
dlaqr0_ quad_slaqr0_
dlaqr1_ quad_slaqr1_
dlaqr2_ quad_slaqr2_
dlaqr3_ quad_slaqr3_
dlaqr4_ quad_slaqr4_
dlaqr5_ quad_slaqr5_
dlaqsb_ quad_slaqsb_
dlaqsp_ quad_slaqsp_
dlaqsy_ quad_slaqsy_
dlaqtr_ quad_slaqtr_
dlar1v_ quad_slar1v_
dlar2v_ quad_slar2v_
dlarf_ quad_slarf_
dlarfb_ quad_slarfb_
dlarfg_ quad_slarfg_
dlarfgp_ quad_slarfgp_
dlarft_ quad_slarft_
dlarfx_ quad_slarfx_
dlargv_ quad_slargv_
dlarnv_ quad_slarnv_
dlarra_ quad_slarra_
dlarrb_ quad_slarrb_
dlarrc_ quad_slarrc_
dlarrd_ quad_slarrd_
dlarre_ quad_slarre_
dlarrf_ quad_slarrf_
dlarrj_ quad_slarrj_
dlarrk_ quad_slarrk_
dlarrr_ quad_slarrr_
dlarrv_ quad_slarrv_
dlartg_ quad_slartg_
dlartgp_ quad_slartgp_
dlartgs_ quad_slartgs_
dlartv_ quad_slartv_
dlaruv_ quad_slaruv_
dlarz_ quad_slarz_
dlarzb_ quad_slarzb_
dlarzt_ quad_slarzt_
dlas2_ quad_slas2_
dlascl_ quad_slascl_
dlasd0_ quad_slasd0_
dlasd1_ quad_slasd1_
dlasd2_ quad_slasd2_
dlasd3_ quad_slasd3_
dlasd4_ quad_slasd4_
dlasd5_ quad_slasd5_
dlasd6_ quad_slasd6_
dlasd7_ quad_slasd7_
dlasd8_ quad_slasd8_
dlasda_ quad_slasda_
dlasdq_ quad_slasdq_
dlasdt_ quad_slasdt_
dlaset_ quad_slaset_
dlasq1_ quad_slasq1_
dlasq2_ quad_slasq2_
dlasq3_ quad_slasq3_
dlasq4_ quad_slasq4_
dlasq5_ quad_slasq5_
dlasq6_ quad_slasq6_
dlasr_ quad_slasr_
dlasrt_ quad_slasrt_
dlassq_ quad_slassq_
dlasv2_ quad_slasv2_
dlaswp_ quad_slaswp_
dlasy2_ quad_slasy2_
dlasyf_ quad_slasyf_
dlasyf_rook_ quad_slasyf_rook_
dlat2s_ quad_slat2s_
dlatbs_ quad_slatbs_
dlatdf_ quad_slatdf_
dlatps_ quad_slatps_
dlatrd_ quad_slatrd_
dlatrs_ quad_slatrs_
dlatrz_ quad_slatrz_
dlatzm_ quad_slatzm_
dlauu2_ quad_slauu2_
dlauum_ quad_slauum_
dnrm2_ quad_snrm2_
dopgtr_ quad_sopgtr_
dopmtr_ quad_sopmtr_
dorbdb_ quad_sorbdb_
dorbdb1_ quad_sorbdb1_
dorbdb2_ quad_sorbdb2_
dorbdb3_ quad_sorbdb3_
dorbdb4_ quad_sorbdb4_
dorbdb5_ quad_sorbdb5_
dorbdb6_ quad_sorbdb6_
dorcsd_ quad_sorcsd_
dorcsd2by1_ quad_sorcsd2by1_
dorg2l_ quad_sorg2l_
dorg2r_ quad_sorg2r_
dorgbr_ quad_sorgbr_
dorghr_ quad_sorghr_
dorgl2_ quad_sorgl2_
dorglq_ quad_sorglq_
dorgql_ quad_sorgql_
dorgqr_ quad_sorgqr_
dorgr2_ quad_sorgr2_
dorgrq_ quad_sorgrq_
dorgtr_ quad_sorgtr_
dorm2l_ quad_sorm2l_
dorm2r_ quad_sorm2r_
dormbr_ quad_sormbr_
dormhr_ quad_sormhr_
dorml2_ quad_sorml2_
dormlq_ quad_sormlq_
dormql_ quad_sormql_
dormqr_ quad_sormqr_
dormr2_ quad_sormr2_
dormr3_ quad_sormr3_
dormrq_ quad_sormrq_
dormrz_ quad_sormrz_
dormtr_ quad_sormtr_
dpbcon_ quad_spbcon_
dpbequ_ quad_spbequ_
dpbrfs_ quad_spbrfs_
dpbstf_ quad_spbstf_
dpbsv_ quad_spbsv_
dpbsvx_ quad_spbsvx_
dpbtf2_ quad_spbtf2_
dpbtrf_ quad_spbtrf_
dpbtrs_ quad_spbtrs_
dpftrf_ quad_spftrf_
dpftri_ quad_spftri_
dpftrs_ quad_spftrs_
dpocon_ quad_spocon_
dpoequ_ quad_spoequ_
dpoequb_ quad_spoequb_
dporfs_ quad_sporfs_
dposv_ quad_sposv_
dposvx_ quad_sposvx_
dpotf2_ quad_spotf2_
dpotrf_ quad_spotrf_
dpotri_ quad_spotri_
dpotrs_ quad_spotrs_
dppcon_ quad_sppcon_
dppequ_ quad_sppequ_
dpprfs_ quad_spprfs_
dppsv_ quad_sppsv_
dppsvx_ quad_sppsvx_
dpptrf_ quad_spptrf_
dpptri_ quad_spptri_
dpptrs_ quad_spptrs_
dpstf2_ quad_spstf2_
dpstrf_ quad_spstrf_
dptcon_ quad_sptcon_
dpteqr_ quad_spteqr_
dptrfs_ quad_sptrfs_
dptsv_ quad_sptsv_
dptsvx_ quad_sptsvx_
dpttrf_ quad_spttrf_
dpttrs_ quad_spttrs_
dptts2_ quad_sptts2_
drot_ quad_srot_
drotg_ quad_srotg_
drotm_ quad_srotm_
drotmg_ quad_srotmg_
drscl_ quad_srscl_
dsbev_ quad_ssbev_
dsbevd_ quad_ssbevd_
dsbevx_ quad_ssbevx_
dsbgst_ quad_ssbgst_
dsbgv_ quad_ssbgv_
dsbgvd_ quad_ssbgvd_
dsbgvx_ quad_ssbgvx_
dsbmv_ quad_ssbmv_
dsbtrd_ quad_ssbtrd_
dscal_ quad_sscal_
dsdot_ quad_ssdot_
dsecnd_ quad_ssecnd_
dsfrk_ quad_ssfrk_
dsgesv_ quad_ssgesv_
dspcon_ quad_sspcon_
dspev_ quad_sspev_
dspevd_ quad_sspevd_
dspevx_ quad_sspevx_
dspgst_ quad_sspgst_
dspgv_ quad_sspgv_
dspgvd_ quad_sspgvd_
dspgvx_ quad_sspgvx_
dspmv_ quad_sspmv_
dsposv_ quad_ssposv_
dspr_ quad_sspr_
dspr2_ quad_sspr2_
dsprfs_ quad_ssprfs_
dspsv_ quad_sspsv_
dspsvx_ quad_sspsvx_
dsptrd_ quad_ssptrd_
dsptrf_ quad_ssptrf_
dsptri_ quad_ssptri_
dsptrs_ quad_ssptrs_
dstebz_ quad_sstebz_
dstedc_ quad_sstedc_
dstegr_ quad_sstegr_
dstein_ quad_sstein_
dstemr_ quad_sstemr_
dsteqr_ quad_ssteqr_
dsterf_ quad_ssterf_
dstev_ quad_sstev_
dstevd_ quad_sstevd_
dstevr_ quad_sstevr_
dstevx_ quad_sstevx_
dswap_ quad_sswap_
dsycon_ quad_ssycon_
dsycon_rook_ quad_ssycon_rook_
dsyconv_ quad_ssyconv_
dsyequb_ quad_ssyequb_
dsyev_ quad_ssyev_
dsyevd_ quad_ssyevd_
dsyevr_ quad_ssyevr_
dsyevx_ quad_ssyevx_
dsygs2_ quad_ssygs2_
dsygst_ quad_ssygst_
dsygv_ quad_ssygv_
dsygvd_ quad_ssygvd_
dsygvx_ quad_ssygvx_
dsymm_ quad_ssymm_
dsymv_ quad_ssymv_
dsyr_ quad_ssyr_
dsyr2_ quad_ssyr2_
dsyr2k_ quad_ssyr2k_
dsyrfs_ quad_ssyrfs_
dsyrk_ quad_ssyrk_
dsysv_ quad_ssysv_
dsysv_rook_ quad_ssysv_rook_
dsysvx_ quad_ssysvx_
dsyswapr_ quad_ssyswapr_
dsytd2_ quad_ssytd2_
dsytf2_ quad_ssytf2_
dsytf2_rook_ quad_ssytf2_rook_
dsytrd_ quad_ssytrd_
dsytrf_ quad_ssytrf_
dsytrf_rook_ quad_ssytrf_rook_
dsytri_ quad_ssytri_
dsytri2_ quad_ssytri2_
dsytri2x_ quad_ssytri2x_
dsytri_rook_ quad_ssytri_rook_
dsytrs_ quad_ssytrs_
dsytrs2_ quad_ssytrs2_
dsytrs_rook_ quad_ssytrs_rook_
dtbcon_ quad_stbcon_
dtbmv_ quad_stbmv_
dtbrfs_ quad_stbrfs_
dtbsv_ quad_stbsv_
dtbtrs_ quad_stbtrs_
dtfsm_ quad_stfsm_
dtftri_ quad_stftri_
dtfttp_ quad_stfttp_
dtfttr_ quad_stfttr_
dtgevc_ quad_stgevc_
dtgex2_ quad_stgex2_
dtgexc_ quad_stgexc_
dtgsen_ quad_stgsen_
dtgsja_ quad_stgsja_
dtgsna_ quad_stgsna_
dtgsy2_ quad_stgsy2_
dtgsyl_ quad_stgsyl_
dtpcon_ quad_stpcon_
dtpmqrt_ quad_stpmqrt_
dtpmv_ quad_stpmv_
dtpqrt_ quad_stpqrt_
dtpqrt2_ quad_stpqrt2_
dtprfb_ quad_stprfb_
dtprfs_ quad_stprfs_
dtpsv_ quad_stpsv_
dtptri_ quad_stptri_
dtptrs_ quad_stptrs_
dtpttf_ quad_stpttf_
dtpttr_ quad_stpttr_
dtrcon_ quad_strcon_
dtrevc_ quad_strevc_
dtrexc_ quad_strexc_
dtrmm_ quad_strmm_
dtrmv_ quad_strmv_
dtrrfs_ quad_strrfs_
dtrsen_ quad_strsen_
dtrsm_ quad_strsm_
dtrsna_ quad_strsna_
dtrsv_ quad_strsv_
dtrsyl_ quad_strsyl_
dtrti2_ quad_strti2_
dtrtri_ quad_strtri_
dtrtrs_ quad_strtrs_
dtrttf_ quad_strttf_
dtrttp_ quad_strttp_
dtzrqf_ quad_stzrqf_
dtzrzf_ quad_stzrzf_
dzasum_ quad_szasum_
dznrm2_ quad_sznrm2_
dzsum1_ quad_szsum1_
icamax_ quad_icamax_
icmax1_ quad_icmax1_
idamax_ quad_idamax_
ieeeck_ quad_ieeeck_
ilaclc_ quad_ilaclc_
ilaclr_ quad_ilaclr_
iladiag_ quad_iladiag_
iladlc_ quad_iladlc_
iladlr_ quad_iladlr_
ilaenv_ quad_ilaenv_
ilaprec_ quad_ilaprec_
ilaslc_ quad_ilaslc_
ilaslr_ quad_ilaslr_
ilatrans_ quad_ilatrans_
ilauplo_ quad_ilauplo_
ilaver_ quad_ilaver_
ilazlc_ quad_ilazlc_
ilazlr_ quad_ilazlr_
iparmq_ quad_iparmq_
isamax_ quad_isamax_
izamax_ quad_izamax_
izmax1_ quad_izmax1_
lsame_ quad_lsame_
lsamen_ quad_lsamen_
sasum_ quad_dasum_
saxpy_ quad_daxpy_
sbbcsd_ quad_dbbcsd_
sbdsdc_ quad_dbdsdc_
sbdsqr_ quad_dbdsqr_
scabs1_ quad_dcabs1_
scasum_ quad_dcasum_
scnrm2_ quad_dcnrm2_
scopy_ quad_dcopy_
scsum1_ quad_dcsum1_
sdisna_ quad_ddisna_
sdot_ quad_ddot_
sdsdot_ quad_ddsdot_
second_ quad_decond_
sgbbrd_ quad_dgbbrd_
sgbcon_ quad_dgbcon_
sgbequ_ quad_dgbequ_
sgbequb_ quad_dgbequb_
sgbmv_ quad_dgbmv_
sgbrfs_ quad_dgbrfs_
sgbsv_ quad_dgbsv_
sgbsvx_ quad_dgbsvx_
sgbtf2_ quad_dgbtf2_
sgbtrf_ quad_dgbtrf_
sgbtrs_ quad_dgbtrs_
sgebak_ quad_dgebak_
sgebal_ quad_dgebal_
sgebd2_ quad_dgebd2_
sgebrd_ quad_dgebrd_
sgecon_ quad_dgecon_
sgeequ_ quad_dgeequ_
sgeequb_ quad_dgeequb_
sgees_ quad_dgees_
sgeesx_ quad_dgeesx_
sgeev_ quad_dgeev_
sgeevx_ quad_dgeevx_
sgegs_ quad_dgegs_
sgegv_ quad_dgegv_
sgehd2_ quad_dgehd2_
sgehrd_ quad_dgehrd_
sgejsv_ quad_dgejsv_
sgelq2_ quad_dgelq2_
sgelqf_ quad_dgelqf_
sgels_ quad_dgels_
sgelsd_ quad_dgelsd_
sgelss_ quad_dgelss_
sgelsx_ quad_dgelsx_
sgelsy_ quad_dgelsy_
sgemm_ quad_dgemm_
sgemqrt_ quad_dgemqrt_
sgemv_ quad_dgemv_
sgeql2_ quad_dgeql2_
sgeqlf_ quad_dgeqlf_
sgeqp3_ quad_dgeqp3_
sgeqpf_ quad_dgeqpf_
sgeqr2_ quad_dgeqr2_
sgeqr2p_ quad_dgeqr2p_
sgeqrf_ quad_dgeqrf_
sgeqrfp_ quad_dgeqrfp_
sgeqrt_ quad_dgeqrt_
sgeqrt2_ quad_dgeqrt2_
sgeqrt3_ quad_dgeqrt3_
sger_ quad_dger_
sgerfs_ quad_dgerfs_
sgerq2_ quad_dgerq2_
sgerqf_ quad_dgerqf_
sgesc2_ quad_dgesc2_
sgesdd_ quad_dgesdd_
sgesv_ quad_dgesv_
sgesvd_ quad_dgesvd_
sgesvj_ quad_dgesvj_
sgesvx_ quad_dgesvx_
sgetc2_ quad_dgetc2_
sgetf2_ quad_dgetf2_
sgetrf_ quad_dgetrf_
sgetri_ quad_dgetri_
sgetrs_ quad_dgetrs_
sggbak_ quad_dggbak_
sggbal_ quad_dggbal_
sgges_ quad_dgges_
sggesx_ quad_dggesx_
sggev_ quad_dggev_
sggevx_ quad_dggevx_
sggglm_ quad_dggglm_
sgghrd_ quad_dgghrd_
sgglse_ quad_dgglse_
sggqrf_ quad_dggqrf_
sggrqf_ quad_dggrqf_
sggsvd_ quad_dggsvd_
sggsvp_ quad_dggsvp_
sgsvj0_ quad_dgsvj0_
sgsvj1_ quad_dgsvj1_
sgtcon_ quad_dgtcon_
sgtrfs_ quad_dgtrfs_
sgtsv_ quad_dgtsv_
sgtsvx_ quad_dgtsvx_
sgttrf_ quad_dgttrf_
sgttrs_ quad_dgttrs_
sgtts2_ quad_dgtts2_
shgeqz_ quad_dhgeqz_
shsein_ quad_dhsein_
shseqr_ quad_dhseqr_
sisnan_ quad_disnan_
slabad_ quad_dlabad_
slabrd_ quad_dlabrd_
slacn2_ quad_dlacn2_
slacon_ quad_dlacon_
slacpy_ quad_dlacpy_
sladiv_ quad_dladiv_
sladiv1_ quad_dladiv1_
sladiv2_ quad_dladiv2_
slae2_ quad_dlae2_
slaebz_ quad_dlaebz_
slaed0_ quad_dlaed0_
slaed1_ quad_dlaed1_
slaed2_ quad_dlaed2_
slaed3_ quad_dlaed3_
slaed4_ quad_dlaed4_
slaed5_ quad_dlaed5_
slaed6_ quad_dlaed6_
slaed7_ quad_dlaed7_
slaed8_ quad_dlaed8_
slaed9_ quad_dlaed9_
slaeda_ quad_dlaeda_
slaein_ quad_dlaein_
slaev2_ quad_dlaev2_
slaexc_ quad_dlaexc_
slag2_ quad_dlag2_
slag2d_ quad_dlag2d_
slags2_ quad_dlags2_
slagtf_ quad_dlagtf_
slagtm_ quad_dlagtm_
slagts_ quad_dlagts_
slagv2_ quad_dlagv2_
slahqr_ quad_dlahqr_
slahr2_ quad_dlahr2_
slahrd_ quad_dlahrd_
slaic1_ quad_dlaic1_
slaisnan_ quad_dlaisnan_
slaln2_ quad_dlaln2_
slals0_ quad_dlals0_
slalsa_ quad_dlalsa_
slalsd_ quad_dlalsd_
slamc3_ quad_dlamc3_
slamch_ quad_dlamch_
slamrg_ quad_dlamrg_
slaneg_ quad_dlaneg_
slangb_ quad_dlangb_
slange_ quad_dlange_
slangt_ quad_dlangt_
slanhs_ quad_dlanhs_
slansb_ quad_dlansb_
slansf_ quad_dlansf_
slansp_ quad_dlansp_
slanst_ quad_dlanst_
slansy_ quad_dlansy_
slantb_ quad_dlantb_
slantp_ quad_dlantp_
slantr_ quad_dlantr_
slanv2_ quad_dlanv2_
slapll_ quad_dlapll_
slapmr_ quad_dlapmr_
slapmt_ quad_dlapmt_
slapy2_ quad_dlapy2_
slapy3_ quad_dlapy3_
slaqgb_ quad_dlaqgb_
slaqge_ quad_dlaqge_
slaqp2_ quad_dlaqp2_
slaqps_ quad_dlaqps_
slaqr0_ quad_dlaqr0_
slaqr1_ quad_dlaqr1_
slaqr2_ quad_dlaqr2_
slaqr3_ quad_dlaqr3_
slaqr4_ quad_dlaqr4_
slaqr5_ quad_dlaqr5_
slaqsb_ quad_dlaqsb_
slaqsp_ quad_dlaqsp_
slaqsy_ quad_dlaqsy_
slaqtr_ quad_dlaqtr_
slar1v_ quad_dlar1v_
slar2v_ quad_dlar2v_
slarf_ quad_dlarf_
slarfb_ quad_dlarfb_
slarfg_ quad_dlarfg_
slarfgp_ quad_dlarfgp_
slarft_ quad_dlarft_
slarfx_ quad_dlarfx_
slargv_ quad_dlargv_
slarnv_ quad_dlarnv_
slarra_ quad_dlarra_
slarrb_ quad_dlarrb_
slarrc_ quad_dlarrc_
slarrd_ quad_dlarrd_
slarre_ quad_dlarre_
slarrf_ quad_dlarrf_
slarrj_ quad_dlarrj_
slarrk_ quad_dlarrk_
slarrr_ quad_dlarrr_
slarrv_ quad_dlarrv_
slartg_ quad_dlartg_
slartgp_ quad_dlartgp_
slartgs_ quad_dlartgs_
slartv_ quad_dlartv_
slaruv_ quad_dlaruv_
slarz_ quad_dlarz_
slarzb_ quad_dlarzb_
slarzt_ quad_dlarzt_
slas2_ quad_dlas2_
slascl_ quad_dlascl_
slasd0_ quad_dlasd0_
slasd1_ quad_dlasd1_
slasd2_ quad_dlasd2_
slasd3_ quad_dlasd3_
slasd4_ quad_dlasd4_
slasd5_ quad_dlasd5_
slasd6_ quad_dlasd6_
slasd7_ quad_dlasd7_
slasd8_ quad_dlasd8_
slasda_ quad_dlasda_
slasdq_ quad_dlasdq_
slasdt_ quad_dlasdt_
slaset_ quad_dlaset_
slasq1_ quad_dlasq1_
slasq2_ quad_dlasq2_
slasq3_ quad_dlasq3_
slasq4_ quad_dlasq4_
slasq5_ quad_dlasq5_
slasq6_ quad_dlasq6_
slasr_ quad_dlasr_
slasrt_ quad_dlasrt_
slassq_ quad_dlassq_
slasv2_ quad_dlasv2_
slaswp_ quad_dlaswp_
slasy2_ quad_dlasy2_
slasyf_ quad_dlasyf_
slasyf_rook_ quad_dlasyf_rook_
slatbs_ quad_dlatbs_
slatdf_ quad_dlatdf_
slatps_ quad_dlatps_
slatrd_ quad_dlatrd_
slatrs_ quad_dlatrs_
slatrz_ quad_dlatrz_
slatzm_ quad_dlatzm_
slauu2_ quad_dlauu2_
slauum_ quad_dlauum_
snrm2_ quad_dnrm2_
sopgtr_ quad_dopgtr_
sopmtr_ quad_dopmtr_
sorbdb_ quad_dorbdb_
sorbdb1_ quad_dorbdb1_
sorbdb2_ quad_dorbdb2_
sorbdb3_ quad_dorbdb3_
sorbdb4_ quad_dorbdb4_
sorbdb5_ quad_dorbdb5_
sorbdb6_ quad_dorbdb6_
sorcsd_ quad_dorcsd_
sorcsd2by1_ quad_dorcsd2by1_
sorg2l_ quad_dorg2l_
sorg2r_ quad_dorg2r_
sorgbr_ quad_dorgbr_
sorghr_ quad_dorghr_
sorgl2_ quad_dorgl2_
sorglq_ quad_dorglq_
sorgql_ quad_dorgql_
sorgqr_ quad_dorgqr_
sorgr2_ quad_dorgr2_
sorgrq_ quad_dorgrq_
sorgtr_ quad_dorgtr_
sorm2l_ quad_dorm2l_
sorm2r_ quad_dorm2r_
sormbr_ quad_dormbr_
sormhr_ quad_dormhr_
sorml2_ quad_dorml2_
sormlq_ quad_dormlq_
sormql_ quad_dormql_
sormqr_ quad_dormqr_
sormr2_ quad_dormr2_
sormr3_ quad_dormr3_
sormrq_ quad_dormrq_
sormrz_ quad_dormrz_
sormtr_ quad_dormtr_
spbcon_ quad_dpbcon_
spbequ_ quad_dpbequ_
spbrfs_ quad_dpbrfs_
spbstf_ quad_dpbstf_
spbsv_ quad_dpbsv_
spbsvx_ quad_dpbsvx_
spbtf2_ quad_dpbtf2_
spbtrf_ quad_dpbtrf_
spbtrs_ quad_dpbtrs_
spftrf_ quad_dpftrf_
spftri_ quad_dpftri_
spftrs_ quad_dpftrs_
spocon_ quad_dpocon_
spoequ_ quad_dpoequ_
spoequb_ quad_dpoequb_
sporfs_ quad_dporfs_
sposv_ quad_dposv_
sposvx_ quad_dposvx_
spotf2_ quad_dpotf2_
spotrf_ quad_dpotrf_
spotri_ quad_dpotri_
spotrs_ quad_dpotrs_
sppcon_ quad_dppcon_
sppequ_ quad_dppequ_
spprfs_ quad_dpprfs_
sppsv_ quad_dppsv_
sppsvx_ quad_dppsvx_
spptrf_ quad_dpptrf_
spptri_ quad_dpptri_
spptrs_ quad_dpptrs_
spstf2_ quad_dpstf2_
spstrf_ quad_dpstrf_
sptcon_ quad_dptcon_
spteqr_ quad_dpteqr_
sptrfs_ quad_dptrfs_
sptsv_ quad_dptsv_
sptsvx_ quad_dptsvx_
spttrf_ quad_dpttrf_
spttrs_ quad_dpttrs_
sptts2_ quad_dptts2_
srot_ quad_drot_
srotg_ quad_drotg_
srotm_ quad_drotm_
srotmg_ quad_drotmg_
srscl_ quad_drscl_
ssbev_ quad_dsbev_
ssbevd_ quad_dsbevd_
ssbevx_ quad_dsbevx_
ssbgst_ quad_dsbgst_
ssbgv_ quad_dsbgv_
ssbgvd_ quad_dsbgvd_
ssbgvx_ quad_dsbgvx_
ssbmv_ quad_dsbmv_
ssbtrd_ quad_dsbtrd_
sscal_ quad_dscal_
ssfrk_ quad_dsfrk_
sspcon_ quad_dspcon_
sspev_ quad_dspev_
sspevd_ quad_dspevd_
sspevx_ quad_dspevx_
sspgst_ quad_dspgst_
sspgv_ quad_dspgv_
sspgvd_ quad_dspgvd_
sspgvx_ quad_dspgvx_
sspmv_ quad_dspmv_
sspr_ quad_dspr_
sspr2_ quad_dspr2_
ssprfs_ quad_dsprfs_
sspsv_ quad_dspsv_
sspsvx_ quad_dspsvx_
ssptrd_ quad_dsptrd_
ssptrf_ quad_dsptrf_
ssptri_ quad_dsptri_
ssptrs_ quad_dsptrs_
sstebz_ quad_dstebz_
sstedc_ quad_dstedc_
sstegr_ quad_dstegr_
sstein_ quad_dstein_
sstemr_ quad_dstemr_
ssteqr_ quad_dsteqr_
ssterf_ quad_dsterf_
sstev_ quad_dstev_
sstevd_ quad_dstevd_
sstevr_ quad_dstevr_
sstevx_ quad_dstevx_
sswap_ quad_dswap_
ssycon_ quad_dsycon_
ssycon_rook_ quad_dsycon_rook_
ssyconv_ quad_dsyconv_
ssyequb_ quad_dsyequb_
ssyev_ quad_dsyev_
ssyevd_ quad_dsyevd_
ssyevr_ quad_dsyevr_
ssyevx_ quad_dsyevx_
ssygs2_ quad_dsygs2_
ssygst_ quad_dsygst_
ssygv_ quad_dsygv_
ssygvd_ quad_dsygvd_
ssygvx_ quad_dsygvx_
ssymm_ quad_dsymm_
ssymv_ quad_dsymv_
ssyr_ quad_dsyr_
ssyr2_ quad_dsyr2_
ssyr2k_ quad_dsyr2k_
ssyrfs_ quad_dsyrfs_
ssyrk_ quad_dsyrk_
ssysv_ quad_dsysv_
ssysv_rook_ quad_dsysv_rook_
ssysvx_ quad_dsysvx_
ssyswapr_ quad_dsyswapr_
ssytd2_ quad_dsytd2_
ssytf2_ quad_dsytf2_
ssytf2_rook_ quad_dsytf2_rook_
ssytrd_ quad_dsytrd_
ssytrf_ quad_dsytrf_
ssytrf_rook_ quad_dsytrf_rook_
ssytri_ quad_dsytri_
ssytri2_ quad_dsytri2_
ssytri2x_ quad_dsytri2x_
ssytri_rook_ quad_dsytri_rook_
ssytrs_ quad_dsytrs_
ssytrs2_ quad_dsytrs2_
ssytrs_rook_ quad_dsytrs_rook_
stbcon_ quad_dtbcon_
stbmv_ quad_dtbmv_
stbrfs_ quad_dtbrfs_
stbsv_ quad_dtbsv_
stbtrs_ quad_dtbtrs_
stfsm_ quad_dtfsm_
stftri_ quad_dtftri_
stfttp_ quad_dtfttp_
stfttr_ quad_dtfttr_
stgevc_ quad_dtgevc_
stgex2_ quad_dtgex2_
stgexc_ quad_dtgexc_
stgsen_ quad_dtgsen_
stgsja_ quad_dtgsja_
stgsna_ quad_dtgsna_
stgsy2_ quad_dtgsy2_
stgsyl_ quad_dtgsyl_
stpcon_ quad_dtpcon_
stpmqrt_ quad_dtpmqrt_
stpmv_ quad_dtpmv_
stpqrt_ quad_dtpqrt_
stpqrt2_ quad_dtpqrt2_
stprfb_ quad_dtprfb_
stprfs_ quad_dtprfs_
stpsv_ quad_dtpsv_
stptri_ quad_dtptri_
stptrs_ quad_dtptrs_
stpttf_ quad_dtpttf_
stpttr_ quad_dtpttr_
strcon_ quad_dtrcon_
strevc_ quad_dtrevc_
strexc_ quad_dtrexc_
strmm_ quad_dtrmm_
strmv_ quad_dtrmv_
strrfs_ quad_dtrrfs_
strsen_ quad_dtrsen_
strsm_ quad_dtrsm_
strsna_ quad_dtrsna_
strsv_ quad_dtrsv_
strsyl_ quad_dtrsyl_
strti2_ quad_dtrti2_
strtri_ quad_dtrtri_
strtrs_ quad_dtrtrs_
strttf_ quad_dtrttf_
strttp_ quad_dtrttp_
stzrqf_ quad_dtzrqf_
stzrzf_ quad_dtzrzf_
xerbla_ quad_cerbla_
xerbla_array_ quad_cerbla_array_
zaxpy_ quad_caxpy_
zbbcsd_ quad_cbbcsd_
zbdsqr_ quad_cbdsqr_
zcgesv_ quad_ccgesv_
zcopy_ quad_ccopy_
zcposv_ quad_ccposv_
zdotc_ quad_cdotc_
zdotu_ quad_cdotu_
zdrot_ quad_cdrot_
zdrscl_ quad_cdrscl_
zdscal_ quad_cdscal_
zgbbrd_ quad_cgbbrd_
zgbcon_ quad_cgbcon_
zgbequ_ quad_cgbequ_
zgbequb_ quad_cgbequb_
zgbmv_ quad_cgbmv_
zgbrfs_ quad_cgbrfs_
zgbsv_ quad_cgbsv_
zgbsvx_ quad_cgbsvx_
zgbtf2_ quad_cgbtf2_
zgbtrf_ quad_cgbtrf_
zgbtrs_ quad_cgbtrs_
zgebak_ quad_cgebak_
zgebal_ quad_cgebal_
zgebd2_ quad_cgebd2_
zgebrd_ quad_cgebrd_
zgecon_ quad_cgecon_
zgeequ_ quad_cgeequ_
zgeequb_ quad_cgeequb_
zgees_ quad_cgees_
zgeesx_ quad_cgeesx_
zgeev_ quad_cgeev_
zgeevx_ quad_cgeevx_
zgegs_ quad_cgegs_
zgegv_ quad_cgegv_
zgehd2_ quad_cgehd2_
zgehrd_ quad_cgehrd_
zgelq2_ quad_cgelq2_
zgelqf_ quad_cgelqf_
zgels_ quad_cgels_
zgelsd_ quad_cgelsd_
zgelss_ quad_cgelss_
zgelsx_ quad_cgelsx_
zgelsy_ quad_cgelsy_
zgemm_ quad_cgemm_
zgemqrt_ quad_cgemqrt_
zgemv_ quad_cgemv_
zgeql2_ quad_cgeql2_
zgeqlf_ quad_cgeqlf_
zgeqp3_ quad_cgeqp3_
zgeqpf_ quad_cgeqpf_
zgeqr2_ quad_cgeqr2_
zgeqr2p_ quad_cgeqr2p_
zgeqrf_ quad_cgeqrf_
zgeqrfp_ quad_cgeqrfp_
zgeqrt_ quad_cgeqrt_
zgeqrt2_ quad_cgeqrt2_
zgeqrt3_ quad_cgeqrt3_
zgerc_ quad_cgerc_
zgerfs_ quad_cgerfs_
zgerq2_ quad_cgerq2_
zgerqf_ quad_cgerqf_
zgeru_ quad_cgeru_
zgesc2_ quad_cgesc2_
zgesdd_ quad_cgesdd_
zgesv_ quad_cgesv_
zgesvd_ quad_cgesvd_
zgesvx_ quad_cgesvx_
zgetc2_ quad_cgetc2_
zgetf2_ quad_cgetf2_
zgetrf_ quad_cgetrf_
zgetri_ quad_cgetri_
zgetrs_ quad_cgetrs_
zggbak_ quad_cggbak_
zggbal_ quad_cggbal_
zgges_ quad_cgges_
zggesx_ quad_cggesx_
zggev_ quad_cggev_
zggevx_ quad_cggevx_
zggglm_ quad_cggglm_
zgghrd_ quad_cgghrd_
zgglse_ quad_cgglse_
zggqrf_ quad_cggqrf_
zggrqf_ quad_cggrqf_
zggsvd_ quad_cggsvd_
zggsvp_ quad_cggsvp_
zgtcon_ quad_cgtcon_
zgtrfs_ quad_cgtrfs_
zgtsv_ quad_cgtsv_
zgtsvx_ quad_cgtsvx_
zgttrf_ quad_cgttrf_
zgttrs_ quad_cgttrs_
zgtts2_ quad_cgtts2_
zhbev_ quad_chbev_
zhbevd_ quad_chbevd_
zhbevx_ quad_chbevx_
zhbgst_ quad_chbgst_
zhbgv_ quad_chbgv_
zhbgvd_ quad_chbgvd_
zhbgvx_ quad_chbgvx_
zhbmv_ quad_chbmv_
zhbtrd_ quad_chbtrd_
zhecon_ quad_checon_
zhecon_rook_ quad_checon_rook_
zheequb_ quad_cheequb_
zheev_ quad_cheev_
zheevd_ quad_cheevd_
zheevr_ quad_cheevr_
zheevx_ quad_cheevx_
zhegs2_ quad_chegs2_
zhegst_ quad_chegst_
zhegv_ quad_chegv_
zhegvd_ quad_chegvd_
zhegvx_ quad_chegvx_
zhemm_ quad_chemm_
zhemv_ quad_chemv_
zher_ quad_cher_
zher2_ quad_cher2_
zher2k_ quad_cher2k_
zherfs_ quad_cherfs_
zherk_ quad_cherk_
zhesv_ quad_chesv_
zhesv_rook_ quad_chesv_rook_
zhesvx_ quad_chesvx_
zheswapr_ quad_cheswapr_
zhetd2_ quad_chetd2_
zhetf2_ quad_chetf2_
zhetf2_rook_ quad_chetf2_rook_
zhetrd_ quad_chetrd_
zhetrf_ quad_chetrf_
zhetrf_rook_ quad_chetrf_rook_
zhetri_ quad_chetri_
zhetri2_ quad_chetri2_
zhetri2x_ quad_chetri2x_
zhetri_rook_ quad_chetri_rook_
zhetrs_ quad_chetrs_
zhetrs2_ quad_chetrs2_
zhetrs_rook_ quad_chetrs_rook_
zhfrk_ quad_chfrk_
zhgeqz_ quad_chgeqz_
zhpcon_ quad_chpcon_
zhpev_ quad_chpev_
zhpevd_ quad_chpevd_
zhpevx_ quad_chpevx_
zhpgst_ quad_chpgst_
zhpgv_ quad_chpgv_
zhpgvd_ quad_chpgvd_
zhpgvx_ quad_chpgvx_
zhpmv_ quad_chpmv_
zhpr_ quad_chpr_
zhpr2_ quad_chpr2_
zhprfs_ quad_chprfs_
zhpsv_ quad_chpsv_
zhpsvx_ quad_chpsvx_
zhptrd_ quad_chptrd_
zhptrf_ quad_chptrf_
zhptri_ quad_chptri_
zhptrs_ quad_chptrs_
zhsein_ quad_chsein_
zhseqr_ quad_chseqr_
zlabrd_ quad_clabrd_
zlacgv_ quad_clacgv_
zlacn2_ quad_clacn2_
zlacon_ quad_clacon_
zlacp2_ quad_clacp2_
zlacpy_ quad_clacpy_
zlacrm_ quad_clacrm_
zlacrt_ quad_clacrt_
zladiv_ quad_cladiv_
zlaed0_ quad_claed0_
zlaed7_ quad_claed7_
zlaed8_ quad_claed8_
zlaein_ quad_claein_
zlaesy_ quad_claesy_
zlaev2_ quad_claev2_
zlag2c_ quad_clag2c_
zlags2_ quad_clags2_
zlagtm_ quad_clagtm_
zlahef_ quad_clahef_
zlahef_rook_ quad_clahef_rook_
zlahqr_ quad_clahqr_
zlahr2_ quad_clahr2_
zlahrd_ quad_clahrd_
zlaic1_ quad_claic1_
zlals0_ quad_clals0_
zlalsa_ quad_clalsa_
zlalsd_ quad_clalsd_
zlangb_ quad_clangb_
zlange_ quad_clange_
zlangt_ quad_clangt_
zlanhb_ quad_clanhb_
zlanhe_ quad_clanhe_
zlanhf_ quad_clanhf_
zlanhp_ quad_clanhp_
zlanhs_ quad_clanhs_
zlanht_ quad_clanht_
zlansb_ quad_clansb_
zlansp_ quad_clansp_
zlansy_ quad_clansy_
zlantb_ quad_clantb_
zlantp_ quad_clantp_
zlantr_ quad_clantr_
zlapll_ quad_clapll_
zlapmr_ quad_clapmr_
zlapmt_ quad_clapmt_
zlaqgb_ quad_claqgb_
zlaqge_ quad_claqge_
zlaqhb_ quad_claqhb_
zlaqhe_ quad_claqhe_
zlaqhp_ quad_claqhp_
zlaqp2_ quad_claqp2_
zlaqps_ quad_claqps_
zlaqr0_ quad_claqr0_
zlaqr1_ quad_claqr1_
zlaqr2_ quad_claqr2_
zlaqr3_ quad_claqr3_
zlaqr4_ quad_claqr4_
zlaqr5_ quad_claqr5_
zlaqsb_ quad_claqsb_
zlaqsp_ quad_claqsp_
zlaqsy_ quad_claqsy_
zlar1v_ quad_clar1v_
zlar2v_ quad_clar2v_
zlarcm_ quad_clarcm_
zlarf_ quad_clarf_
zlarfb_ quad_clarfb_
zlarfg_ quad_clarfg_
zlarfgp_ quad_clarfgp_
zlarft_ quad_clarft_
zlarfx_ quad_clarfx_
zlargv_ quad_clargv_
zlarnv_ quad_clarnv_
zlarrv_ quad_clarrv_
zlartg_ quad_clartg_
zlartv_ quad_clartv_
zlarz_ quad_clarz_
zlarzb_ quad_clarzb_
zlarzt_ quad_clarzt_
zlascl_ quad_clascl_
zlaset_ quad_claset_
zlasr_ quad_clasr_
zlassq_ quad_classq_
zlaswp_ quad_claswp_
zlasyf_ quad_clasyf_
zlasyf_rook_ quad_clasyf_rook_
zlat2c_ quad_clat2c_
zlatbs_ quad_clatbs_
zlatdf_ quad_clatdf_
zlatps_ quad_clatps_
zlatrd_ quad_clatrd_
zlatrs_ quad_clatrs_
zlatrz_ quad_clatrz_
zlatzm_ quad_clatzm_
zlauu2_ quad_clauu2_
zlauum_ quad_clauum_
zpbcon_ quad_cpbcon_
zpbequ_ quad_cpbequ_
zpbrfs_ quad_cpbrfs_
zpbstf_ quad_cpbstf_
zpbsv_ quad_cpbsv_
zpbsvx_ quad_cpbsvx_
zpbtf2_ quad_cpbtf2_
zpbtrf_ quad_cpbtrf_
zpbtrs_ quad_cpbtrs_
zpftrf_ quad_cpftrf_
zpftri_ quad_cpftri_
zpftrs_ quad_cpftrs_
zpocon_ quad_cpocon_
zpoequ_ quad_cpoequ_
zpoequb_ quad_cpoequb_
zporfs_ quad_cporfs_
zposv_ quad_cposv_
zposvx_ quad_cposvx_
zpotf2_ quad_cpotf2_
zpotrf_ quad_cpotrf_
zpotri_ quad_cpotri_
zpotrs_ quad_cpotrs_
zppcon_ quad_cppcon_
zppequ_ quad_cppequ_
zpprfs_ quad_cpprfs_
zppsv_ quad_cppsv_
zppsvx_ quad_cppsvx_
zpptrf_ quad_cpptrf_
zpptri_ quad_cpptri_
zpptrs_ quad_cpptrs_
zpstf2_ quad_cpstf2_
zpstrf_ quad_cpstrf_
zptcon_ quad_cptcon_
zpteqr_ quad_cpteqr_
zptrfs_ quad_cptrfs_
zptsv_ quad_cptsv_
zptsvx_ quad_cptsvx_
zpttrf_ quad_cpttrf_
zpttrs_ quad_cpttrs_
zptts2_ quad_cptts2_
zrot_ quad_crot_
zrotg_ quad_crotg_
zscal_ quad_cscal_
zspcon_ quad_cspcon_
zspmv_ quad_cspmv_
zspr_ quad_cspr_
zsprfs_ quad_csprfs_
zspsv_ quad_cspsv_
zspsvx_ quad_cspsvx_
zsptrf_ quad_csptrf_
zsptri_ quad_csptri_
zsptrs_ quad_csptrs_
zstedc_ quad_cstedc_
zstegr_ quad_cstegr_
zstein_ quad_cstein_
zstemr_ quad_cstemr_
zsteqr_ quad_csteqr_
zswap_ quad_cswap_
zsycon_ quad_csycon_
zsycon_rook_ quad_csycon_rook_
zsyconv_ quad_csyconv_
zsyequb_ quad_csyequb_
zsymm_ quad_csymm_
zsymv_ quad_csymv_
zsyr_ quad_csyr_
zsyr2k_ quad_csyr2k_
zsyrfs_ quad_csyrfs_
zsyrk_ quad_csyrk_
zsysv_ quad_csysv_
zsysv_rook_ quad_csysv_rook_
zsysvx_ quad_csysvx_
zsyswapr_ quad_csyswapr_
zsytf2_ quad_csytf2_
zsytf2_rook_ quad_csytf2_rook_
zsytrf_ quad_csytrf_
zsytrf_rook_ quad_csytrf_rook_
zsytri_ quad_csytri_
zsytri2_ quad_csytri2_
zsytri2x_ quad_csytri2x_
zsytri_rook_ quad_csytri_rook_
zsytrs_ quad_csytrs_
zsytrs2_ quad_csytrs2_
zsytrs_rook_ quad_csytrs_rook_
ztbcon_ quad_ctbcon_
ztbmv_ quad_ctbmv_
ztbrfs_ quad_ctbrfs_
ztbsv_ quad_ctbsv_
ztbtrs_ quad_ctbtrs_
ztfsm_ quad_ctfsm_
ztftri_ quad_ctftri_
ztfttp_ quad_ctfttp_
ztfttr_ quad_ctfttr_
ztgevc_ quad_ctgevc_
ztgex2_ quad_ctgex2_
ztgexc_ quad_ctgexc_
ztgsen_ quad_ctgsen_
ztgsja_ quad_ctgsja_
ztgsna_ quad_ctgsna_
ztgsy2_ quad_ctgsy2_
ztgsyl_ quad_ctgsyl_
ztpcon_ quad_ctpcon_
ztpmqrt_ quad_ctpmqrt_
ztpmv_ quad_ctpmv_
ztpqrt_ quad_ctpqrt_
ztpqrt2_ quad_ctpqrt2_
ztprfb_ quad_ctprfb_
ztprfs_ quad_ctprfs_
ztpsv_ quad_ctpsv_
ztptri_ quad_ctptri_
ztptrs_ quad_ctptrs_
ztpttf_ quad_ctpttf_
ztpttr_ quad_ctpttr_
ztrcon_ quad_ctrcon_
ztrevc_ quad_ctrevc_
ztrexc_ quad_ctrexc_
ztrmm_ quad_ctrmm_
ztrmv_ quad_ctrmv_
ztrrfs_ quad_ctrrfs_
ztrsen_ quad_ctrsen_
ztrsm_ quad_ctrsm_
ztrsna_ quad_ctrsna_
ztrsv_ quad_ctrsv_
ztrsyl_ quad_ctrsyl_
ztrti2_ quad_ctrti2_
ztrtri_ quad_ctrtri_
ztrtrs_ quad_ctrtrs_
ztrttf_ quad_ctrttf_
ztrttp_ quad_ctrttp_
ztzrqf_ quad_ctzrqf_
ztzrzf_ quad_ctzrzf_
zunbdb_ quad_cunbdb_
zunbdb1_ quad_cunbdb1_
zunbdb2_ quad_cunbdb2_
zunbdb3_ quad_cunbdb3_
zunbdb4_ quad_cunbdb4_
zunbdb5_ quad_cunbdb5_
zunbdb6_ quad_cunbdb6_
zuncsd_ quad_cuncsd_
zuncsd2by1_ quad_cuncsd2by1_
zung2l_ quad_cung2l_
zung2r_ quad_cung2r_
zungbr_ quad_cungbr_
zunghr_ quad_cunghr_
zungl2_ quad_cungl2_
zunglq_ quad_cunglq_
zungql_ quad_cungql_
zungqr_ quad_cungqr_
zungr2_ quad_cungr2_
zungrq_ quad_cungrq_
zungtr_ quad_cungtr_
zunm2l_ quad_cunm2l_
zunm2r_ quad_cunm2r_
zunmbr_ quad_cunmbr_
zunmhr_ quad_cunmhr_
zunml2_ quad_cunml2_
zunmlq_ quad_cunmlq_
zunmql_ quad_cunmql_
zunmqr_ quad_cunmqr_
zunmr2_ quad_cunmr2_
zunmr3_ quad_cunmr3_
zunmrq_ quad_cunmrq_
zunmrz_ quad_cunmrz_
zunmtr_ quad_cunmtr_
zupgtr_ quad_cupgtr_
zupmtr_ quad_cupmtr_
